Archive member included because of file (symbol)

c:/program files (x86)/gnu tools arm embedded/4.7 2013q3/bin/../lib/gcc/arm-none-eabi/4.7.4/../../../../arm-none-eabi/lib/armv7-m\libg.a(lib_a-errno.o)
                              ./libs/misc/src/_sbrk.o (__errno)
c:/program files (x86)/gnu tools arm embedded/4.7 2013q3/bin/../lib/gcc/arm-none-eabi/4.7.4/../../../../arm-none-eabi/lib/armv7-m\libg.a(lib_a-impure.o)
                              c:/program files (x86)/gnu tools arm embedded/4.7 2013q3/bin/../lib/gcc/arm-none-eabi/4.7.4/../../../../arm-none-eabi/lib/armv7-m\libg.a(lib_a-errno.o) (_impure_ptr)
c:/program files (x86)/gnu tools arm embedded/4.7 2013q3/bin/../lib/gcc/arm-none-eabi/4.7.4/../../../../arm-none-eabi/lib/armv7-m\libg.a(lib_a-printf.o)
                              ./src/main.o (printf)
c:/program files (x86)/gnu tools arm embedded/4.7 2013q3/bin/../lib/gcc/arm-none-eabi/4.7.4/../../../../arm-none-eabi/lib/armv7-m\libg.a(lib_a-puts.o)
                              ./src/main.o (puts)
c:/program files (x86)/gnu tools arm embedded/4.7 2013q3/bin/../lib/gcc/arm-none-eabi/4.7.4/../../../../arm-none-eabi/lib/armv7-m\libg.a(lib_a-strlen.o)
                              c:/program files (x86)/gnu tools arm embedded/4.7 2013q3/bin/../lib/gcc/arm-none-eabi/4.7.4/../../../../arm-none-eabi/lib/armv7-m\libg.a(lib_a-puts.o) (strlen)
c:/program files (x86)/gnu tools arm embedded/4.7 2013q3/bin/../lib/gcc/arm-none-eabi/4.7.4/../../../../arm-none-eabi/lib/armv7-m\libg.a(lib_a-vfprintf.o)
                              c:/program files (x86)/gnu tools arm embedded/4.7 2013q3/bin/../lib/gcc/arm-none-eabi/4.7.4/../../../../arm-none-eabi/lib/armv7-m\libg.a(lib_a-printf.o) (_vfprintf_r)
c:/program files (x86)/gnu tools arm embedded/4.7 2013q3/bin/../lib/gcc/arm-none-eabi/4.7.4/../../../../arm-none-eabi/lib/armv7-m\libg.a(lib_a-wsetup.o)
                              c:/program files (x86)/gnu tools arm embedded/4.7 2013q3/bin/../lib/gcc/arm-none-eabi/4.7.4/../../../../arm-none-eabi/lib/armv7-m\libg.a(lib_a-vfprintf.o) (__swsetup_r)
c:/program files (x86)/gnu tools arm embedded/4.7 2013q3/bin/../lib/gcc/arm-none-eabi/4.7.4/../../../../arm-none-eabi/lib/armv7-m\libg.a(lib_a-dtoa.o)
                              c:/program files (x86)/gnu tools arm embedded/4.7 2013q3/bin/../lib/gcc/arm-none-eabi/4.7.4/../../../../arm-none-eabi/lib/armv7-m\libg.a(lib_a-vfprintf.o) (_dtoa_r)
c:/program files (x86)/gnu tools arm embedded/4.7 2013q3/bin/../lib/gcc/arm-none-eabi/4.7.4/../../../../arm-none-eabi/lib/armv7-m\libg.a(lib_a-fflush.o)
                              c:/program files (x86)/gnu tools arm embedded/4.7 2013q3/bin/../lib/gcc/arm-none-eabi/4.7.4/../../../../arm-none-eabi/lib/armv7-m\libg.a(lib_a-vfprintf.o) (_fflush_r)
c:/program files (x86)/gnu tools arm embedded/4.7 2013q3/bin/../lib/gcc/arm-none-eabi/4.7.4/../../../../arm-none-eabi/lib/armv7-m\libg.a(lib_a-findfp.o)
                              c:/program files (x86)/gnu tools arm embedded/4.7 2013q3/bin/../lib/gcc/arm-none-eabi/4.7.4/../../../../arm-none-eabi/lib/armv7-m\libg.a(lib_a-vfprintf.o) (__sinit)
c:/program files (x86)/gnu tools arm embedded/4.7 2013q3/bin/../lib/gcc/arm-none-eabi/4.7.4/../../../../arm-none-eabi/lib/armv7-m\libg.a(lib_a-freer.o)
                              c:/program files (x86)/gnu tools arm embedded/4.7 2013q3/bin/../lib/gcc/arm-none-eabi/4.7.4/../../../../arm-none-eabi/lib/armv7-m\libg.a(lib_a-wsetup.o) (_free_r)
c:/program files (x86)/gnu tools arm embedded/4.7 2013q3/bin/../lib/gcc/arm-none-eabi/4.7.4/../../../../arm-none-eabi/lib/armv7-m\libg.a(lib_a-fvwrite.o)
                              c:/program files (x86)/gnu tools arm embedded/4.7 2013q3/bin/../lib/gcc/arm-none-eabi/4.7.4/../../../../arm-none-eabi/lib/armv7-m\libg.a(lib_a-puts.o) (__sfvwrite_r)
c:/program files (x86)/gnu tools arm embedded/4.7 2013q3/bin/../lib/gcc/arm-none-eabi/4.7.4/../../../../arm-none-eabi/lib/armv7-m\libg.a(lib_a-fwalk.o)
                              c:/program files (x86)/gnu tools arm embedded/4.7 2013q3/bin/../lib/gcc/arm-none-eabi/4.7.4/../../../../arm-none-eabi/lib/armv7-m\libg.a(lib_a-findfp.o) (_fwalk)
c:/program files (x86)/gnu tools arm embedded/4.7 2013q3/bin/../lib/gcc/arm-none-eabi/4.7.4/../../../../arm-none-eabi/lib/armv7-m\libg.a(lib_a-locale.o)
                              c:/program files (x86)/gnu tools arm embedded/4.7 2013q3/bin/../lib/gcc/arm-none-eabi/4.7.4/../../../../arm-none-eabi/lib/armv7-m\libg.a(lib_a-vfprintf.o) (_localeconv_r)
c:/program files (x86)/gnu tools arm embedded/4.7 2013q3/bin/../lib/gcc/arm-none-eabi/4.7.4/../../../../arm-none-eabi/lib/armv7-m\libg.a(lib_a-makebuf.o)
                              c:/program files (x86)/gnu tools arm embedded/4.7 2013q3/bin/../lib/gcc/arm-none-eabi/4.7.4/../../../../arm-none-eabi/lib/armv7-m\libg.a(lib_a-wsetup.o) (__smakebuf_r)
[...]
Memory Configuration

Name             Origin             Length             Attributes
RAM              0x20000000         0x00010000         xrw
CCMRAM           0x00000000         0x00000000         xrw
FLASH            0x08000000         0x00060000         xr
FLASHB1          0x00000000         0x00000000         xr
EXTMEMB0         0x00000000         0x00000000         xr
EXTMEMB1         0x00000000         0x00000000         xr
EXTMEMB2         0x00000000         0x00000000         xr
EXTMEMB3         0x00000000         0x00000000         xr
MEMORY_ARRAY     0x00000000         0x00000000         xrw
*default*        0x00000000         0xffffffff

Linker script and memory map

LOAD ./src/HA_System.o
LOAD ./src/MB1_Buttons.o
LOAD ./src/MB1_ISR.o
LOAD ./src/MB1_Leds.o
LOAD ./src/MB1_Misc.o
LOAD ./src/MB1_SPI.o
LOAD ./src/MB1_Serial_t.o
LOAD ./src/MB1_System.o
LOAD ./src/driverCC1101.o
LOAD ./src/hl_crc.o
LOAD ./src/main.o
LOAD ./src/variablePacketHandler.o
LOAD ./libs/misc/src/_sbrk.o
LOAD ./libs/misc/src/_write.o
LOAD ./libs/misc/src/trace_impl.o
LOAD ./libs/StdPeriph/src/misc.o
LOAD ./libs/StdPeriph/src/stm32f10x_adc.o
LOAD ./libs/StdPeriph/src/stm32f10x_bkp.o
LOAD ./libs/StdPeriph/src/stm32f10x_can.o
LOAD ./libs/StdPeriph/src/stm32f10x_cec.o
LOAD ./libs/StdPeriph/src/stm32f10x_crc.o
LOAD ./libs/StdPeriph/src/stm32f10x_dac.o
LOAD ./libs/StdPeriph/src/stm32f10x_dbgmcu.o
LOAD ./libs/StdPeriph/src/stm32f10x_dma.o
LOAD ./libs/StdPeriph/src/stm32f10x_exti.o
LOAD ./libs/StdPeriph/src/stm32f10x_flash.o
LOAD ./libs/StdPeriph/src/stm32f10x_fsmc.o
LOAD ./libs/StdPeriph/src/stm32f10x_gpio.o
LOAD ./libs/StdPeriph/src/stm32f10x_i2c.o
LOAD ./libs/StdPeriph/src/stm32f10x_iwdg.o
LOAD ./libs/StdPeriph/src/stm32f10x_pwr.o
LOAD ./libs/StdPeriph/src/stm32f10x_rcc.o
LOAD ./libs/StdPeriph/src/stm32f10x_rtc.o
LOAD ./libs/StdPeriph/src/stm32f10x_sdio.o
LOAD ./libs/StdPeriph/src/stm32f10x_spi.o
LOAD ./libs/StdPeriph/src/stm32f10x_tim.o
LOAD ./libs/StdPeriph/src/stm32f10x_usart.o
LOAD ./libs/StdPeriph/src/stm32f10x_wwdg.o
LOAD ./libs/CMSIS/src/core_cm3.o
LOAD ./libs/CMSIS/src/startup_cm.o
LOAD ./libs/CMSIS/src/startup_stm32f10x.o
LOAD ./libs/CMSIS/src/system_stm32f10x.o
LOAD ./libs/CMSIS/src/vectors_stm32f10x.o
LOAD c:/program files (x86)/gnu tools arm embedded/4.7 2013q3/bin/../lib/gcc/arm-none-eabi/4.7.4/../../../../arm-none-eabi/lib/armv7-m\libstdc++.a
LOAD c:/program files (x86)/gnu tools arm embedded/4.7 2013q3/bin/../lib/gcc/arm-none-eabi/4.7.4/../../../../arm-none-eabi/lib/armv7-m\libm.a
START GROUP
LOAD c:/program files (x86)/gnu tools arm embedded/4.7 2013q3/bin/../lib/gcc/arm-none-eabi/4.7.4/armv7-m\libgcc.a
LOAD c:/program files (x86)/gnu tools arm embedded/4.7 2013q3/bin/../lib/gcc/arm-none-eabi/4.7.4/../../../../arm-none-eabi/lib/armv7-m\libg.a
LOAD c:/program files (x86)/gnu tools arm embedded/4.7 2013q3/bin/../lib/gcc/arm-none-eabi/4.7.4/../../../../arm-none-eabi/lib/armv7-m\libc.a
END GROUP
START GROUP
LOAD c:/program files (x86)/gnu tools arm embedded/4.7 2013q3/bin/../lib/gcc/arm-none-eabi/4.7.4/armv7-m\libgcc.a
LOAD c:/program files (x86)/gnu tools arm embedded/4.7 2013q3/bin/../lib/gcc/arm-none-eabi/4.7.4/../../../../arm-none-eabi/lib/armv7-m\libg.a
LOAD c:/program files (x86)/gnu tools arm embedded/4.7 2013q3/bin/../lib/gcc/arm-none-eabi/4.7.4/../../../../arm-none-eabi/lib/armv7-m\libc.a
LOAD c:/program files (x86)/gnu tools arm embedded/4.7 2013q3/bin/../lib/gcc/arm-none-eabi/4.7.4/../../../../arm-none-eabi/lib/armv7-m\libm.a
LOAD c:/program files (x86)/gnu tools arm embedded/4.7 2013q3/bin/../lib/gcc/arm-none-eabi/4.7.4/../../../../arm-none-eabi/lib/armv7-m\libnosys.a
END GROUP
                0x20010000                __stack = (ORIGIN (RAM) + 0x10000)
                0x20010000                _estack = __stack
                0x00000400                __Main_Stack_Size = 0x400
                0x00000400                PROVIDE (_Main_Stack_Size, __Main_Stack_Size)
                0x2000fc00                __Main_Stack_Limit = (__stack - __Main_Stack_Size)
                0x2000fc00                PROVIDE (_Main_Stack_Limit, __Main_Stack_Limit)
                0x00000100                _Minimum_Stack_Size = 0x100
                0x20000d0c                PROVIDE (_Heap_Begin, _end_noinit)
                0x2000fc00                PROVIDE (_Heap_Limit, (__stack - _Main_Stack_Size))

.isr_vector     0x08000000      0x2d8
                0x08000000                . = ALIGN (0x4)
 *(.isr_vector)
 .isr_vector    0x08000000      0x1e4 ./libs/CMSIS/src/vectors_stm32f10x.o
                0x08000000                g_pfnVectors
 *(.after_vectors .after_vectors.*)
 .after_vectors
                0x080001e4       0xa4 ./libs/CMSIS/src/startup_cm.o
                0x080001e4                Reset_Handler
                0x08000230                system_init
 .after_vectors
                0x08000288       0x50 ./libs/CMSIS/src/vectors_stm32f10x.o
                0x08000288                RTC_Alarm_IRQHandler
                0x08000288                EXTI2_IRQHandler
                0x08000288                TIM8_TRG_COM_IRQHandler
                0x08000288                TIM8_CC_IRQHandler
                0x08000288                DMA2_Channel3_IRQHandler
                0x08000288                TIM1_CC_IRQHandler
                0x08000288                USBWakeUp_IRQHandler
                0x08000288                I2C1_ER_IRQHandler
                0x08000288                PVD_IRQHandler
                0x08000288                SDIO_IRQHandler
                0x08000288                SPI3_IRQHandler
                0x08000288                OTG_FS_IRQHandler
                0x08000288                CAN2_RX1_IRQHandler
                0x08000288                EXTI3_IRQHandler
                0x08000288                TIM8_TRG_COM_TIM14_IRQHandler
                0x08000288                TIM1_UP_TIM10_IRQHandler
                0x08000288                TIM8_UP_TIM13_IRQHandler
                0x08000288                I2C2_EV_IRQHandler
                0x08000288                CAN1_RX0_IRQHandler
                0x08000288                TIM1_UP_TIM16_IRQHandler
                0x08000288                FLASH_IRQHandler
                0x08000288                CAN2_SCE_IRQHandler
                0x08000288                ADC1_2_IRQHandler
                0x08000288                SPI1_IRQHandler
                0x08000288                TAMPER_IRQHandler
                0x08000288                TIM6_DAC_IRQHandler
                0x08000288                TIM1_BRK_TIM9_IRQHandler
                0x08000288                CAN2_RX0_IRQHandler
                0x08000288                TIM8_UP_IRQHandler
                0x08000288                DMA2_Channel2_IRQHandler
                0x08000288                DMA1_Channel4_IRQHandler
                0x08000288                USART3_IRQHandler
                0x08000288                RTC_IRQHandler
                0x08000288                DMA1_Channel7_IRQHandler
                0x08000288                CAN1_RX1_IRQHandler
                0x08000288                UART5_IRQHandler
                0x08000288                ADC3_IRQHandler
                0x08000288                TIM4_IRQHandler
                0x08000288                DMA2_Channel1_IRQHandler
                0x08000288                I2C1_EV_IRQHandler
                0x08000288                DMA1_Channel6_IRQHandler
                0x08000288                UART4_IRQHandler
                0x08000288                DMA2_Channel4_IRQHandler
                0x08000288                TIM3_IRQHandler
                0x08000288                RCC_IRQHandler
                0x08000288                TIM8_BRK_TIM12_IRQHandler
                0x08000288                TIM1_TRG_COM_IRQHandler
                0x08000288                DMA1_Channel1_IRQHandler
                0x08000288                Default_Handler
                0x08000288                CEC_IRQHandler
                0x08000288                EXTI15_10_IRQHandler
                0x08000288                TIM14_IRQHandler
                0x08000288                TIM13_IRQHandler
                0x08000288                TIM12_IRQHandler
                0x08000288                TIM7_IRQHandler
                0x08000288                CAN2_TX_IRQHandler
                0x08000288                TIM5_IRQHandler
                0x08000288                EXTI9_5_IRQHandler
                0x08000288                ETH_WKUP_IRQHandler
                0x08000288                SPI2_IRQHandler
                0x08000288                CAN1_SCE_IRQHandler
                0x08000288                CAN1_TX_IRQHandler
                0x08000288                TIM8_BRK_IRQHandler
                0x08000288                DMA2_Channel5_IRQHandler
                0x08000288                DMA1_Channel5_IRQHandler
                0x08000288                EXTI4_IRQHandler
                0x08000288                USB_LP_CAN1_RX0_IRQHandler
                0x08000288                TIM1_TRG_COM_TIM17_IRQHandler
                0x08000288                USB_HP_CAN1_TX_IRQHandler
                0x08000288                DMA1_Channel3_IRQHandler
                0x08000288                FSMC_IRQHandler
                0x08000288                ETH_IRQHandler
                0x08000288                TIM1_UP_IRQHandler
                0x08000288                WWDG_IRQHandler
                0x08000288                TIM2_IRQHandler
                0x08000288                OTG_FS_WKUP_IRQHandler
                0x08000288                TIM1_TRG_COM_TIM11_IRQHandler
                0x08000288                TIM1_BRK_IRQHandler
                0x08000288                DMA2_Channel4_5_IRQHandler
                0x08000288                USART2_IRQHandler
                0x08000288                I2C2_ER_IRQHandler
                0x08000288                DMA1_Channel2_IRQHandler
                0x08000288                TIM1_BRK_TIM15_IRQHandler
                0x08000290                NMI_Handler
                0x08000298                HardFault_Handler
                0x080002a0                MemManage_Handler
                0x080002a8                BusFault_Handler
                0x080002b0                UsageFault_Handler
                0x080002b8                SVC_Handler
                0x080002c0                DebugMon_Handler
                0x080002c8                PendSV_Handler
                0x080002d0                SysTick_Handler
                0x080002d8                . = ALIGN (0x4)

._inits         0x080002d8       0x10
                0x080002d8                . = ALIGN (0x4)
 *(.init)
 *(.fini)
                0x080002d8                . = ALIGN (0x4)
                0x080002d8                PROVIDE (__preinit_array_start, .)
 *(.preinit_array_sysinit .preinit_array_sysinit.*)
 .preinit_array_sysinit
                0x080002d8        0x4 ./libs/CMSIS/src/startup_cm.o
                0x080002d8                p_system_init
 *(.preinit_array_platform .preinit_array_platform.*)
 *(.preinit_array .preinit_array.*)
                0x080002dc                PROVIDE (__preinit_array_end, .)
                0x080002dc                . = ALIGN (0x4)
                0x080002dc                PROVIDE (__init_array_start, .)
 *(SORT(.init_array.*))
 *(.init_array)
 .init_array    0x080002dc        0x4 ./src/HA_System.o
 .init_array    0x080002e0        0x4 ./src/MB1_Buttons.o
 .init_array    0x080002e4        0x4 ./src/MB1_System.o
                0x080002e8                PROVIDE (__init_array_end, .)
                0x080002e8                . = ALIGN (0x4)
                0x080002e8                PROVIDE (__fini_array_start, .)
 *(SORT(.fini_array.*))
 *(.fini_array)
                0x080002e8                PROVIDE (__fini_array_end, .)
                0x080002e8                . = ALIGN (0x4)

.flashtext      0x080002e8        0x0
                0x080002e8                . = ALIGN (0x4)
 *(.flashtext .flashtext.*)
                0x080002e8                . = ALIGN (0x4)

.text           0x080002e8     0xb778
                0x080002e8                . = ALIGN (0x4)
 *(.text .text.*)
 .text._Z13HA_SystemInitv
                0x080002e8       0x10 ./src/HA_System.o
                0x080002e8                HA_SystemInit()
 .text._Z11HA_SPI_Initv
                0x080002f8       0x98 ./src/HA_System.o
                0x080002f8                HA_SPI_Init()
 .text._Z14HA_CC1101_Initv
                0x08000390       0x34 ./src/HA_System.o
                0x08000390                HA_CC1101_Init()
 .text._Z14EXTI0_1_Configv
                0x080003c4      0x108 ./src/HA_System.o
                0x080003c4                EXTI0_1_Config()
 .text._Z41__static_initialization_and_destruction_0ii
                0x080004cc       0x44 ./src/HA_System.o
 .text._GLOBAL__sub_I_RF1
                0x08000510       0x14 ./src/HA_System.o
 .text._ZN6ButtonC2EN6Btn_ns5Btn_tE
                0x08000524       0x24 ./src/MB1_Buttons.o
                0x08000524                Button::Button(Btn_ns::Btn_t)
                0x08000524                Button::Button(Btn_ns::Btn_t)
 .text._ZN6Button9GPIO_initEv
                0x08000548       0x84 ./src/MB1_Buttons.o
                0x08000548                Button::GPIO_init()
 .text._ZN6Button14pressedKey_getEv
                0x080005cc       0x60 ./src/MB1_Buttons.o
                0x080005cc                Button::pressedKey_get()
 .text._Z24btnProcessing_miscTIMISRv
                0x0800062c       0x98 ./src/MB1_Buttons.o
                0x0800062c                btnProcessing_miscTIMISR()
 .text._Z19usrBtn_0_processingv
                0x080006c4      0x190 ./src/MB1_Buttons.o
                0x080006c4                usrBtn_0_processing()
 .text._Z19usrBtn_1_processingv
                0x08000854      0x190 ./src/MB1_Buttons.o
                0x08000854                usrBtn_1_processing()
 .text._Z41__static_initialization_and_destruction_0ii
                0x080009e4      0x128 ./src/MB1_Buttons.o
 .text._GLOBAL__sub_I_btn_GPIO_ports
                0x08000b0c       0x14 ./src/MB1_Buttons.o
 .text._ZN6ISRMgrC2Ev
                0x08000b20       0x34 ./src/MB1_ISR.o
                0x08000b20                ISRMgr::ISRMgr()
                0x08000b20                ISRMgr::ISRMgr()
 .text._ZN6ISRMgr13subISR_assignEN9ISRMgr_ns5ISR_tEPFvvE
                0x08000b54       0x94 ./src/MB1_ISR.o
                0x08000b54                ISRMgr::subISR_assign(ISRMgr_ns::ISR_t, void (*)())
 .text._ZN6ISRMgr13subISR_removeEN9ISRMgr_ns5ISR_tEPFvvE
                0x08000be8       0x94 ./src/MB1_ISR.o
                0x08000be8                ISRMgr::subISR_remove(ISRMgr_ns::ISR_t, void (*)())
 .text._ZN6ISRMgr21subISR_SysTick_assignEPFvvE
                0x08000c7c       0x78 ./src/MB1_ISR.o
                0x08000c7c                ISRMgr::subISR_SysTick_assign(void (*)())
 .text._ZN6ISRMgr21subISR_SysTick_removeEPFvvE
                0x08000cf4       0x7c ./src/MB1_ISR.o
                0x08000cf4                ISRMgr::subISR_SysTick_remove(void (*)())
 .text._ZN6ISRMgr25SysTick_subISR_table_initEv
                0x08000d70       0x44 ./src/MB1_ISR.o
                0x08000d70                ISRMgr::SysTick_subISR_table_init()
 .text._ZN6ISRMgr18subISR_TIM6_assignEPFvvE
                0x08000db4       0x78 ./src/MB1_ISR.o
                0x08000db4                ISRMgr::subISR_TIM6_assign(void (*)())
 .text._ZN6ISRMgr18subISR_TIM6_removeEPFvvE
                0x08000e2c       0x7c ./src/MB1_ISR.o
                0x08000e2c                ISRMgr::subISR_TIM6_remove(void (*)())
 .text._ZN6ISRMgr22TIM6_subISR_table_initEv
                0x08000ea8       0x44 ./src/MB1_ISR.o
                0x08000ea8                ISRMgr::TIM6_subISR_table_init()
 .text._ZN6ISRMgr20subISR_USART1_assignEPFvvE
                0x08000eec       0x78 ./src/MB1_ISR.o
                0x08000eec                ISRMgr::subISR_USART1_assign(void (*)())
 .text._ZN6ISRMgr20subISR_USART1_removeEPFvvE
                0x08000f64       0x7c ./src/MB1_ISR.o
                0x08000f64                ISRMgr::subISR_USART1_remove(void (*)())
 .text._ZN6ISRMgr24USART1_subISR_table_initEv
                0x08000fe0       0x44 ./src/MB1_ISR.o
                0x08000fe0                ISRMgr::USART1_subISR_table_init()
 .text._ZN6ISRMgr19subISR_EXTI0_assignEPFvvE
                0x08001024       0x78 ./src/MB1_ISR.o
                0x08001024                ISRMgr::subISR_EXTI0_assign(void (*)())
 .text._ZN6ISRMgr19subISR_EXTI0_removeEPFvvE
                0x0800109c       0x7c ./src/MB1_ISR.o
                0x0800109c                ISRMgr::subISR_EXTI0_remove(void (*)())
 .text._ZN6ISRMgr23EXTI0_subISR_table_initEv
                0x08001118       0x44 ./src/MB1_ISR.o
                0x08001118                ISRMgr::EXTI0_subISR_table_init()
 .text._ZN6ISRMgr19subISR_EXTI1_assignEPFvvE
                0x0800115c       0x78 ./src/MB1_ISR.o
                0x0800115c                ISRMgr::subISR_EXTI1_assign(void (*)())
 .text._ZN6ISRMgr19subISR_EXTI1_removeEPFvvE
                0x080011d4       0x7c ./src/MB1_ISR.o
                0x080011d4                ISRMgr::subISR_EXTI1_remove(void (*)())
 .text._ZN6ISRMgr23EXTI1_subISR_table_initEv
                0x08001250       0x44 ./src/MB1_ISR.o
                0x08001250                ISRMgr::EXTI1_subISR_table_init()
 .text.TIM6_IRQHandler
                0x08001294       0x64 ./src/MB1_ISR.o
                0x08001294                TIM6_IRQHandler
 .text.USART1_IRQHandler
                0x080012f8       0x94 ./src/MB1_ISR.o
                0x080012f8                USART1_IRQHandler
 .text.EXTI0_IRQHandler
                0x0800138c       0x5c ./src/MB1_ISR.o
                0x0800138c                EXTI0_IRQHandler
 .text.EXTI1_IRQHandler
                0x080013e8       0x5c ./src/MB1_ISR.o
                0x080013e8                EXTI1_IRQHandler
 .text._ZN3LedC2EN6Led_ns5Led_tE
                0x08001444       0x7c ./src/MB1_Leds.o
                0x08001444                Led::Led(Led_ns::Led_t)
                0x08001444                Led::Led(Led_ns::Led_t)
 .text._ZN3Led2onEv
                0x080014c0       0x3c ./src/MB1_Leds.o
                0x080014c0                Led::on()
 .text._ZN3Led3offEv
                0x080014fc       0x3c ./src/MB1_Leds.o
                0x080014fc                Led::off()
 .text._ZN3Led6toggleEv
                0x08001538       0x9c ./src/MB1_Leds.o
                0x08001538                Led::toggle()
 .text._Z8bugs_fixv
                0x080015d4       0x58 ./src/MB1_Misc.o
                0x080015d4                bugs_fix()
 .text._Z11miscTIM_runP11TIM_TypeDeftt
                0x0800162c      0x11c ./src/MB1_Misc.o
                0x0800162c                miscTIM_run(TIM_TypeDef*, unsigned short, unsigned short)
 .text._Z7LedBeatbtP3Led
                0x08001748       0xa4 ./src/MB1_Misc.o
                0x08001748                LedBeat(bool, unsigned short, Led*)
 .text._Z18LedBeat_miscTIMISRv
                0x080017ec       0x8c ./src/MB1_Misc.o
                0x080017ec                LedBeat_miscTIMISR()
 .text._Z19delay_ms_miscTIMISRv
                0x08001878       0x34 ./src/MB1_Misc.o
                0x08001878                delay_ms_miscTIMISR()
 .text._ZN3SPIC2Et
                0x080018ac       0x58 ./src/MB1_SPI.o
                0x080018ac                SPI::SPI(unsigned short)
                0x080018ac                SPI::SPI(unsigned short)
 .text._ZN3SPI14M2F_GPIOs_InitEv
                0x08001904      0x168 ./src/MB1_SPI.o
                0x08001904                SPI::M2F_GPIOs_Init()
 .text._ZN3SPI4initEPN6SPI_ns12SPI_params_tE
                0x08001a6c       0xd0 ./src/MB1_SPI.o
                0x08001a6c                SPI::init(SPI_ns::SPI_params_t*)
 .text._ZN3SPI19SM_numOfSSLines_setEh
                0x08001b3c       0x48 ./src/MB1_SPI.o
                0x08001b3c                SPI::SM_numOfSSLines_set(unsigned char)
 .text._ZN3SPI11SM_GPIO_setEPN6SPI_ns15SM_GPIOParams_sE
                0x08001b84       0xc4 ./src/MB1_SPI.o
                0x08001b84                SPI::SM_GPIO_set(SPI_ns::SM_GPIOParams_s*)
 .text._ZN3SPI22SM_deviceToDecoder_setEN6SPI_ns11SM_device_tEh
                0x08001c48       0x60 ./src/MB1_SPI.o
                0x08001c48                SPI::SM_deviceToDecoder_set(SPI_ns::SM_device_t, unsigned char)
 .text._ZN3SPI16SM_device_attachEN6SPI_ns11SM_device_tE
                0x08001ca8       0x50 ./src/MB1_SPI.o
                0x08001ca8                SPI::SM_device_attach(SPI_ns::SM_device_t)
 .text._ZN3SPI26SM_decodeValueInUse_updateEv
                0x08001cf8       0x70 ./src/MB1_SPI.o
                0x08001cf8                SPI::SM_decodeValueInUse_update()
 .text._ZN3SPI16SM_device_selectEN6SPI_ns11SM_device_tE
                0x08001d68       0xd8 ./src/MB1_SPI.o
                0x08001d68                SPI::SM_device_select(SPI_ns::SM_device_t)
 .text._ZN3SPI18SM_device_deselectEN6SPI_ns11SM_device_tE
                0x08001e40       0xd8 ./src/MB1_SPI.o
                0x08001e40                SPI::SM_device_deselect(SPI_ns::SM_device_t)
 .text._ZN3SPI23M2F_sendAndGet_blockingEN6SPI_ns11SM_device_tEt
                0x08001f18       0xbc ./src/MB1_SPI.o
                0x08001f18                SPI::M2F_sendAndGet_blocking(SPI_ns::SM_device_t, unsigned short)
 .text._ZN3SPI12MisoLevelGetEv
                0x08001fd4       0x7c ./src/MB1_SPI.o
                0x08001fd4                SPI::MisoLevelGet()
 .text._ZN8serial_tC2Eh
                0x08002050       0x28 ./src/MB1_Serial_t.o
                0x08002050                serial_t::serial_t(unsigned char)
                0x08002050                serial_t::serial_t(unsigned char)
 .text._ZN8serial_t7RestartEm
                0x08002078      0x170 ./src/MB1_Serial_t.o
                0x08002078                serial_t::Restart(unsigned long)
 .text._ZN8serial_t5PrintEc
                0x080021e8       0x60 ./src/MB1_Serial_t.o
                0x080021e8                serial_t::Print(char)
 .text._ZN8serial_t8RetargetEh
                0x08002248       0xb8 ./src/MB1_Serial_t.o
                0x08002248                serial_t::Retarget(unsigned char)
 .text._write   0x08002300       0xd4 ./src/MB1_Serial_t.o
                0x08002300                _write
 .text._Z15MB1_system_initv
                0x080023d4       0xf0 ./src/MB1_System.o
                0x080023d4                MB1_system_init()
 .text._Z41__static_initialization_and_destruction_0ii
                0x080024c4       0xd0 ./src/MB1_System.o
 .text._GLOBAL__sub_I_MB1_SPI1
                0x08002594       0x14 ./src/MB1_System.o
 .text._ZN12driverCC1101C2Ev
                0x080025a8       0x20 ./src/driverCC1101.o
                0x080025a8                driverCC1101::driverCC1101()
                0x080025a8                driverCC1101::driverCC1101()
 .text._ZN12driverCC110110initCC1101EPN5CC_ns15CC_SPI_params_sE
                0x080025c8       0xf0 ./src/driverCC1101.o
                0x080025c8                driverCC1101::initCC1101(CC_ns::CC_SPI_params_s*)
 .text._ZN12driverCC110120powerUpOnResetCC1101Ev
                0x080026b8       0x54 ./src/driverCC1101.o
                0x080026b8                driverCC1101::powerUpOnResetCC1101()
 .text._ZN12driverCC110111resetCC1101Ev
                0x0800270c       0x4c ./src/driverCC1101.o
                0x0800270c                driverCC1101::resetCC1101()
 .text._ZN12driverCC11019reinitSPIEv
                0x08002758       0xa0 ./src/driverCC1101.o
                0x08002758                driverCC1101::reinitSPI()
 .text._ZN12driverCC110113halSendStrobeEh
                0x080027f8       0x54 ./src/driverCC1101.o
                0x080027f8                driverCC1101::halSendStrobe(unsigned char)
 .text._ZN12driverCC110117halWriteSingleRegEhh
                0x0800284c       0x6c ./src/driverCC1101.o
                0x0800284c                driverCC1101::halWriteSingleReg(unsigned char, unsigned char)
 .text._ZN12driverCC110116halWriteBurstRegEhPhh
                0x080028b8       0x98 ./src/driverCC1101.o
                0x080028b8                driverCC1101::halWriteBurstReg(unsigned char, unsigned char*, unsigned char)
 .text._ZN12driverCC110116halReadSingleRegEh
                0x08002950       0x70 ./src/driverCC1101.o
                0x08002950                driverCC1101::halReadSingleReg(unsigned char)
 .text._ZN12driverCC110115halReadBurstRegEhPhh
                0x080029c0       0xa0 ./src/driverCC1101.o
                0x080029c0                driverCC1101::halReadBurstReg(unsigned char, unsigned char*, unsigned char)
 .text._ZN12driverCC110115halReadSatusRegEh
                0x08002a60       0x70 ./src/driverCC1101.o
                0x08002a60                driverCC1101::halReadSatusReg(unsigned char)
 .text._ZN12driverCC110118halRfWriteSettingsEv
                0x08002ad0      0x31c ./src/driverCC1101.o
                0x08002ad0                driverCC1101::halRfWriteSettings()
 .text._ZN12driverCC11017halWaitEt
                0x08002dec       0x30 ./src/driverCC1101.o
                0x08002dec                driverCC1101::halWait(unsigned short)
 .text._ZN12driverCC11016mDelayEt
                0x08002e1c       0x5c ./src/driverCC1101.o
                0x08002e1c                driverCC1101::mDelay(unsigned short)
 .text._ZN12driverCC110111waitMisoLowEv
                0x08002e78       0x30 ./src/driverCC1101.o
                0x08002e78                driverCC1101::waitMisoLow()
 .text.main     0x08002ea8      0x374 ./src/main.o
                0x08002ea8                main
 .text._Z18variablePacketSendPh
                0x0800321c      0x1e4 ./src/variablePacketHandler.o
                0x0800321c                variablePacketSend(unsigned char*)
 .text._Z21variablePacketReceivePh
                0x08003400      0x104 ./src/variablePacketHandler.o
                0x08003400                variablePacketReceive(unsigned char*)
 .text._Z18subISR_rising_GDO0v
                0x08003504      0x168 ./src/variablePacketHandler.o
                0x08003504                subISR_rising_GDO0()
 .text._Z19subISR_falling_GDO0v
                0x0800366c       0xfc ./src/variablePacketHandler.o
                0x0800366c                subISR_falling_GDO0()
 .text._Z18subISR_rising_GDO2v
                0x08003768       0xb4 ./src/variablePacketHandler.o
                0x08003768                subISR_rising_GDO2()
 .text._Z19subISR_falling_GDO2v
                0x0800381c      0x138 ./src/variablePacketHandler.o
                0x0800381c                subISR_falling_GDO2()
 .text._Z14setTriggerLine19EXTITrigger_TypeDefm
                0x08003954       0x3c ./src/variablePacketHandler.o
                0x08003954                setTriggerLine(EXTITrigger_TypeDef, unsigned long)
 .text._sbrk    0x08003990       0x90 ./libs/misc/src/_sbrk.o
                0x08003990                _sbrk
 .text.NVIC_PriorityGroupConfig
                0x08003a20       0x28 ./libs/StdPeriph/src/misc.o
                0x08003a20                NVIC_PriorityGroupConfig
 .text.NVIC_Init
                0x08003a48       0xe8 ./libs/StdPeriph/src/misc.o
                0x08003a48                NVIC_Init
 .text.EXTI_Init
                0x08003b30      0x138 ./libs/StdPeriph/src/stm32f10x_exti.o
                0x08003b30                EXTI_Init
 .text.EXTI_GetITStatus
                0x08003c68       0x58 ./libs/StdPeriph/src/stm32f10x_exti.o
                0x08003c68                EXTI_GetITStatus
 .text.EXTI_ClearITPendingBit
                0x08003cc0       0x20 ./libs/StdPeriph/src/stm32f10x_exti.o
                0x08003cc0                EXTI_ClearITPendingBit
 .text.GPIO_Init
                0x08003ce0      0x1b0 ./libs/StdPeriph/src/stm32f10x_gpio.o
                0x08003ce0                GPIO_Init
 .text.GPIO_StructInit
                0x08003e90       0x2c ./libs/StdPeriph/src/stm32f10x_gpio.o
                0x08003e90                GPIO_StructInit
 .text.GPIO_ReadInputDataBit
                0x08003ebc       0x3c ./libs/StdPeriph/src/stm32f10x_gpio.o
                0x08003ebc                GPIO_ReadInputDataBit
 .text.GPIO_ReadOutputDataBit
                0x08003ef8       0x3c ./libs/StdPeriph/src/stm32f10x_gpio.o
                0x08003ef8                GPIO_ReadOutputDataBit
 .text.GPIO_SetBits
                0x08003f34       0x1c ./libs/StdPeriph/src/stm32f10x_gpio.o
                0x08003f34                GPIO_SetBits
 .text.GPIO_ResetBits
                0x08003f50       0x1c ./libs/StdPeriph/src/stm32f10x_gpio.o
                0x08003f50                GPIO_ResetBits
 .text.GPIO_PinRemapConfig
                0x08003f6c      0x120 ./libs/StdPeriph/src/stm32f10x_gpio.o
                0x08003f6c                GPIO_PinRemapConfig
 .text.GPIO_EXTILineConfig
                0x0800408c       0xb0 ./libs/StdPeriph/src/stm32f10x_gpio.o
                0x0800408c                GPIO_EXTILineConfig
 .text.RCC_GetClocksFreq
                0x0800413c      0x1d4 ./libs/StdPeriph/src/stm32f10x_rcc.o
                0x0800413c                RCC_GetClocksFreq
 .text.RCC_APB2PeriphClockCmd
                0x08004310       0x54 ./libs/StdPeriph/src/stm32f10x_rcc.o
                0x08004310                RCC_APB2PeriphClockCmd
 .text.RCC_APB1PeriphClockCmd
                0x08004364       0x54 ./libs/StdPeriph/src/stm32f10x_rcc.o
                0x08004364                RCC_APB1PeriphClockCmd
 .text.SPI_Init
                0x080043b8       0x88 ./libs/StdPeriph/src/stm32f10x_spi.o
                0x080043b8                SPI_Init
 .text.SPI_Cmd  0x08004440       0x40 ./libs/StdPeriph/src/stm32f10x_spi.o
                0x08004440                SPI_Cmd
 .text.SPI_I2S_SendData
                0x08004480       0x1c ./libs/StdPeriph/src/stm32f10x_spi.o
                0x08004480                SPI_I2S_SendData
 .text.SPI_I2S_ReceiveData
                0x0800449c       0x1c ./libs/StdPeriph/src/stm32f10x_spi.o
                0x0800449c                SPI_I2S_ReceiveData
 .text.SPI_I2S_GetFlagStatus
                0x080044b8       0x40 ./libs/StdPeriph/src/stm32f10x_spi.o
                0x080044b8                SPI_I2S_GetFlagStatus
 .text.TIM_Cmd  0x080044f8       0x40 ./libs/StdPeriph/src/stm32f10x_tim.o
                0x080044f8                TIM_Cmd
 .text.TIM_ITConfig
                0x08004538       0x48 ./libs/StdPeriph/src/stm32f10x_tim.o
                0x08004538                TIM_ITConfig
 .text.TIM_PrescalerConfig
                0x08004580       0x28 ./libs/StdPeriph/src/stm32f10x_tim.o
                0x08004580                TIM_PrescalerConfig
 .text.TIM_ARRPreloadConfig
                0x080045a8       0x40 ./libs/StdPeriph/src/stm32f10x_tim.o
                0x080045a8                TIM_ARRPreloadConfig
 .text.TIM_UpdateDisableConfig
                0x080045e8       0x40 ./libs/StdPeriph/src/stm32f10x_tim.o
                0x080045e8                TIM_UpdateDisableConfig
 .text.TIM_UpdateRequestConfig
                0x08004628       0x40 ./libs/StdPeriph/src/stm32f10x_tim.o
                0x08004628                TIM_UpdateRequestConfig
 .text.TIM_SelectOnePulseMode
                0x08004668       0x38 ./libs/StdPeriph/src/stm32f10x_tim.o
                0x08004668                TIM_SelectOnePulseMode
 .text.TIM_SetAutoreload
                0x080046a0       0x1c ./libs/StdPeriph/src/stm32f10x_tim.o
                0x080046a0                TIM_SetAutoreload
 .text.TIM_ClearFlag
                0x080046bc       0x24 ./libs/StdPeriph/src/stm32f10x_tim.o
                0x080046bc                TIM_ClearFlag
 .text.USART_Init
                0x080046e0      0x1ac ./libs/StdPeriph/src/stm32f10x_usart.o
                0x080046e0                USART_Init
 .text.USART_Cmd
                0x0800488c       0x40 ./libs/StdPeriph/src/stm32f10x_usart.o
                0x0800488c                USART_Cmd
 .text.USART_SendData
                0x080048cc       0x28 ./libs/StdPeriph/src/stm32f10x_usart.o
                0x080048cc                USART_SendData
 .text.USART_GetFlagStatus
                0x080048f4       0x40 ./libs/StdPeriph/src/stm32f10x_usart.o
                0x080048f4                USART_GetFlagStatus
 .text.USART_ClearITPendingBit
                0x08004934       0x44 ./libs/StdPeriph/src/stm32f10x_usart.o
                0x08004934                USART_ClearITPendingBit
 .text.__libc_init_array
                0x08004978       0x90 ./libs/CMSIS/src/startup_cm.o
                0x08004978                __libc_init_array
 .text.__libc_fini_array
                0x08004a08       0x50 ./libs/CMSIS/src/startup_cm.o
                0x08004a08                __libc_fini_array
 .text._exit    0x08004a58        0xc ./libs/CMSIS/src/startup_stm32f10x.o
                0x08004a58                _exit
 .text.SystemInit
                0x08004a64       0xa8 ./libs/CMSIS/src/system_stm32f10x.o
                0x08004a64                SystemInit
 .text.SetSysClock
                0x08004b0c        0xc ./libs/CMSIS/src/system_stm32f10x.o
 .text.SetSysClockTo72
                0x08004b18      0x1ac ./libs/CMSIS/src/system_stm32f10x.o
 .text.__errno  0x08004cc4        0xc c:/program files (x86)/gnu tools arm embedded/4.7 2013q3/bin/../lib/gcc/arm-none-eabi/4.7.4/../../../../arm-none-eabi/lib/armv7-m\libg.a(lib_a-errno.o)
                0x08004cc4                __errno
 .text.printf   0x08004cd0       0x2c c:/program files (x86)/gnu tools arm embedded/4.7 2013q3/bin/../lib/gcc/arm-none-eabi/4.7.4/../../../../arm-none-eabi/lib/armv7-m\libg.a(lib_a-printf.o)
                0x08004cd0                printf
 .text._puts_r  0x08004cfc       0x68 c:/program files (x86)/gnu tools arm embedded/4.7 2013q3/bin/../lib/gcc/arm-none-eabi/4.7.4/../../../../arm-none-eabi/lib/armv7-m\libg.a(lib_a-puts.o)
                0x08004cfc                _puts_r
 .text.puts     0x08004d64       0x10 c:/program files (x86)/gnu tools arm embedded/4.7 2013q3/bin/../lib/gcc/arm-none-eabi/4.7.4/../../../../arm-none-eabi/lib/armv7-m\libg.a(lib_a-puts.o)
                0x08004d64                puts
 .text.strlen   0x08004d74       0x60 c:/program files (x86)/gnu tools arm embedded/4.7 2013q3/bin/../lib/gcc/arm-none-eabi/4.7.4/../../../../arm-none-eabi/lib/armv7-m\libg.a(lib_a-strlen.o)
                0x08004d74                strlen
 .text._vfprintf_r
                0x08004dd4     0x1c48 c:/program files (x86)/gnu tools arm embedded/4.7 2013q3/bin/../lib/gcc/arm-none-eabi/4.7.4/../../../../arm-none-eabi/lib/armv7-m\libg.a(lib_a-vfprintf.o)
                0x08004dd4                _vfprintf_r
 .text.__sbprintf
                0x08006a1c       0x80 c:/program files (x86)/gnu tools arm embedded/4.7 2013q3/bin/../lib/gcc/arm-none-eabi/4.7.4/../../../../arm-none-eabi/lib/armv7-m\libg.a(lib_a-vfprintf.o)
 .text.__swsetup_r
                0x08006a9c       0xc4 c:/program files (x86)/gnu tools arm embedded/4.7 2013q3/bin/../lib/gcc/arm-none-eabi/4.7.4/../../../../arm-none-eabi/lib/armv7-m\libg.a(lib_a-wsetup.o)
                0x08006a9c                __swsetup_r
 .text.quorem   0x08006b60      0x2ec c:/program files (x86)/gnu tools arm embedded/4.7 2013q3/bin/../lib/gcc/arm-none-eabi/4.7.4/../../../../arm-none-eabi/lib/armv7-m\libg.a(lib_a-dtoa.o)
 *fill*         0x08006e4c        0x4 00
 .text._dtoa_r  0x08006e50     0x11f8 c:/program files (x86)/gnu tools arm embedded/4.7 2013q3/bin/../lib/gcc/arm-none-eabi/4.7.4/../../../../arm-none-eabi/lib/armv7-m\libg.a(lib_a-dtoa.o)
                0x08006e50                _dtoa_r
 .text._fflush_r
                0x08008048      0x164 c:/program files (x86)/gnu tools arm embedded/4.7 2013q3/bin/../lib/gcc/arm-none-eabi/4.7.4/../../../../arm-none-eabi/lib/armv7-m\libg.a(lib_a-fflush.o)
                0x08008048                _fflush_r
 .text._cleanup_r
                0x080081ac        0xc c:/program files (x86)/gnu tools arm embedded/4.7 2013q3/bin/../lib/gcc/arm-none-eabi/4.7.4/../../../../arm-none-eabi/lib/armv7-m\libg.a(lib_a-findfp.o)
                0x080081ac                _cleanup_r
 .text.std.isra.0
                0x080081b8       0x50 c:/program files (x86)/gnu tools arm embedded/4.7 2013q3/bin/../lib/gcc/arm-none-eabi/4.7.4/../../../../arm-none-eabi/lib/armv7-m\libg.a(lib_a-findfp.o)
 .text.__sinit  0x08008208       0x4c c:/program files (x86)/gnu tools arm embedded/4.7 2013q3/bin/../lib/gcc/arm-none-eabi/4.7.4/../../../../arm-none-eabi/lib/armv7-m\libg.a(lib_a-findfp.o)
                0x08008208                __sinit
 .text.__sfp_lock_acquire
                0x08008254        0x4 c:/program files (x86)/gnu tools arm embedded/4.7 2013q3/bin/../lib/gcc/arm-none-eabi/4.7.4/../../../../arm-none-eabi/lib/armv7-m\libg.a(lib_a-findfp.o)
                0x08008254                __sfp_lock_acquire
 .text.__sfp_lock_release
                0x08008258        0x4 c:/program files (x86)/gnu tools arm embedded/4.7 2013q3/bin/../lib/gcc/arm-none-eabi/4.7.4/../../../../arm-none-eabi/lib/armv7-m\libg.a(lib_a-findfp.o)
                0x08008258                __sfp_lock_release
 .text._malloc_trim_r
                0x0800825c       0x98 c:/program files (x86)/gnu tools arm embedded/4.7 2013q3/bin/../lib/gcc/arm-none-eabi/4.7.4/../../../../arm-none-eabi/lib/armv7-m\libg.a(lib_a-freer.o)
                0x0800825c                _malloc_trim_r
 .text._free_r  0x080082f4      0x194 c:/program files (x86)/gnu tools arm embedded/4.7 2013q3/bin/../lib/gcc/arm-none-eabi/4.7.4/../../../../arm-none-eabi/lib/armv7-m\libg.a(lib_a-freer.o)
                0x080082f4                _free_r
 .text.__sfvwrite_r
                0x08008488      0x314 c:/program files (x86)/gnu tools arm embedded/4.7 2013q3/bin/../lib/gcc/arm-none-eabi/4.7.4/../../../../arm-none-eabi/lib/armv7-m\libg.a(lib_a-fvwrite.o)
                0x08008488                __sfvwrite_r
 .text._fwalk   0x0800879c       0xb8 c:/program files (x86)/gnu tools arm embedded/4.7 2013q3/bin/../lib/gcc/arm-none-eabi/4.7.4/../../../../arm-none-eabi/lib/armv7-m\libg.a(lib_a-fwalk.o)
                0x0800879c                _fwalk
 .text.__locale_charset
                0x08008854        0xc c:/program files (x86)/gnu tools arm embedded/4.7 2013q3/bin/../lib/gcc/arm-none-eabi/4.7.4/../../../../arm-none-eabi/lib/armv7-m\libg.a(lib_a-locale.o)
                0x08008854                __locale_charset
 .text.__locale_mb_cur_max
                0x08008860        0xc c:/program files (x86)/gnu tools arm embedded/4.7 2013q3/bin/../lib/gcc/arm-none-eabi/4.7.4/../../../../arm-none-eabi/lib/armv7-m\libg.a(lib_a-locale.o)
                0x08008860                __locale_mb_cur_max
 .text._localeconv_r
                0x0800886c        0xc c:/program files (x86)/gnu tools arm embedded/4.7 2013q3/bin/../lib/gcc/arm-none-eabi/4.7.4/../../../../arm-none-eabi/lib/armv7-m\libg.a(lib_a-locale.o)
                0x0800886c                _localeconv_r
 .text.__smakebuf_r
                0x08008878       0xe8 c:/program files (x86)/gnu tools arm embedded/4.7 2013q3/bin/../lib/gcc/arm-none-eabi/4.7.4/../../../../arm-none-eabi/lib/armv7-m\libg.a(lib_a-makebuf.o)
                0x08008878                __smakebuf_r
 .text._malloc_r
                0x08008960      0x530 c:/program files (x86)/gnu tools arm embedded/4.7 2013q3/bin/../lib/gcc/arm-none-eabi/4.7.4/../../../../arm-none-eabi/lib/armv7-m\libg.a(lib_a-mallocr.o)
                0x08008960                _malloc_r
 .text.memchr   0x08008e90      0x140 c:/program files (x86)/gnu tools arm embedded/4.7 2013q3/bin/../lib/gcc/arm-none-eabi/4.7.4/../../../../arm-none-eabi/lib/armv7-m\libg.a(lib_a-memchr.o)
                0x08008e90                memchr
 .text.memcpy   0x08008fd0      0x15c c:/program files (x86)/gnu tools arm embedded/4.7 2013q3/bin/../lib/gcc/arm-none-eabi/4.7.4/../../../../arm-none-eabi/lib/armv7-m\libg.a(lib_a-memcpy.o)
                0x08008fd0                memcpy
 .text.memmove  0x0800912c      0x1b0 c:/program files (x86)/gnu tools arm embedded/4.7 2013q3/bin/../lib/gcc/arm-none-eabi/4.7.4/../../../../arm-none-eabi/lib/armv7-m\libg.a(lib_a-memmove.o)
                0x0800912c                memmove
 .text.memset   0x080092dc      0x12c c:/program files (x86)/gnu tools arm embedded/4.7 2013q3/bin/../lib/gcc/arm-none-eabi/4.7.4/../../../../arm-none-eabi/lib/armv7-m\libg.a(lib_a-memset.o)
                0x080092dc                memset
 .text.__malloc_lock
                0x08009408        0x4 c:/program files (x86)/gnu tools arm embedded/4.7 2013q3/bin/../lib/gcc/arm-none-eabi/4.7.4/../../../../arm-none-eabi/lib/armv7-m\libg.a(lib_a-mlock.o)
                0x08009408                __malloc_lock
 .text.__malloc_unlock
                0x0800940c        0x4 c:/program files (x86)/gnu tools arm embedded/4.7 2013q3/bin/../lib/gcc/arm-none-eabi/4.7.4/../../../../arm-none-eabi/lib/armv7-m\libg.a(lib_a-mlock.o)
                0x0800940c                __malloc_unlock
 .text._Balloc  0x08009410       0x4c c:/program files (x86)/gnu tools arm embedded/4.7 2013q3/bin/../lib/gcc/arm-none-eabi/4.7.4/../../../../arm-none-eabi/lib/armv7-m\libg.a(lib_a-mprec.o)
                0x08009410                _Balloc
 .text._Bfree   0x0800945c       0x14 c:/program files (x86)/gnu tools arm embedded/4.7 2013q3/bin/../lib/gcc/arm-none-eabi/4.7.4/../../../../arm-none-eabi/lib/armv7-m\libg.a(lib_a-mprec.o)
                0x0800945c                _Bfree
 .text.__multadd
                0x08009470       0xfc c:/program files (x86)/gnu tools arm embedded/4.7 2013q3/bin/../lib/gcc/arm-none-eabi/4.7.4/../../../../arm-none-eabi/lib/armv7-m\libg.a(lib_a-mprec.o)
                0x08009470                __multadd
 .text.__hi0bits
                0x0800956c       0x3c c:/program files (x86)/gnu tools arm embedded/4.7 2013q3/bin/../lib/gcc/arm-none-eabi/4.7.4/../../../../arm-none-eabi/lib/armv7-m\libg.a(lib_a-mprec.o)
                0x0800956c                __hi0bits
 .text.__lo0bits
                0x080095a8       0x5c c:/program files (x86)/gnu tools arm embedded/4.7 2013q3/bin/../lib/gcc/arm-none-eabi/4.7.4/../../../../arm-none-eabi/lib/armv7-m\libg.a(lib_a-mprec.o)
                0x080095a8                __lo0bits
 .text.__i2b    0x08009604       0x14 c:/program files (x86)/gnu tools arm embedded/4.7 2013q3/bin/../lib/gcc/arm-none-eabi/4.7.4/../../../../arm-none-eabi/lib/armv7-m\libg.a(lib_a-mprec.o)
                0x08009604                __i2b
 .text.__multiply
                0x08009618      0x2d0 c:/program files (x86)/gnu tools arm embedded/4.7 2013q3/bin/../lib/gcc/arm-none-eabi/4.7.4/../../../../arm-none-eabi/lib/armv7-m\libg.a(lib_a-mprec.o)
                0x08009618                __multiply
 .text.__pow5mult
                0x080098e8       0x94 c:/program files (x86)/gnu tools arm embedded/4.7 2013q3/bin/../lib/gcc/arm-none-eabi/4.7.4/../../../../arm-none-eabi/lib/armv7-m\libg.a(lib_a-mprec.o)
                0x080098e8                __pow5mult
 .text.__lshift
                0x0800997c      0x16c c:/program files (x86)/gnu tools arm embedded/4.7 2013q3/bin/../lib/gcc/arm-none-eabi/4.7.4/../../../../arm-none-eabi/lib/armv7-m\libg.a(lib_a-mprec.o)
                0x0800997c                __lshift
 .text.__mcmp   0x08009ae8       0x5c c:/program files (x86)/gnu tools arm embedded/4.7 2013q3/bin/../lib/gcc/arm-none-eabi/4.7.4/../../../../arm-none-eabi/lib/armv7-m\libg.a(lib_a-mprec.o)
                0x08009ae8                __mcmp
 .text.__mdiff  0x08009b44      0x218 c:/program files (x86)/gnu tools arm embedded/4.7 2013q3/bin/../lib/gcc/arm-none-eabi/4.7.4/../../../../arm-none-eabi/lib/armv7-m\libg.a(lib_a-mprec.o)
                0x08009b44                __mdiff
 .text.__d2b    0x08009d5c       0xc0 c:/program files (x86)/gnu tools arm embedded/4.7 2013q3/bin/../lib/gcc/arm-none-eabi/4.7.4/../../../../arm-none-eabi/lib/armv7-m\libg.a(lib_a-mprec.o)
                0x08009d5c                __d2b
 .text._realloc_r
                0x08009e1c      0x3ec c:/program files (x86)/gnu tools arm embedded/4.7 2013q3/bin/../lib/gcc/arm-none-eabi/4.7.4/../../../../arm-none-eabi/lib/armv7-m\libg.a(lib_a-reallocr.o)
                0x08009e1c                _realloc_r
 .text.__fpclassifyd
                0x0800a208       0x68 c:/program files (x86)/gnu tools arm embedded/4.7 2013q3/bin/../lib/gcc/arm-none-eabi/4.7.4/../../../../arm-none-eabi/lib/armv7-m\libg.a(lib_a-s_fpclassify.o)
                0x0800a208                __fpclassifyd
 .text._sbrk_r  0x0800a270       0x24 c:/program files (x86)/gnu tools arm embedded/4.7 2013q3/bin/../lib/gcc/arm-none-eabi/4.7.4/../../../../arm-none-eabi/lib/armv7-m\libg.a(lib_a-sbrkr.o)
                0x0800a270                _sbrk_r
 .text.__sread  0x0800a294       0x24 c:/program files (x86)/gnu tools arm embedded/4.7 2013q3/bin/../lib/gcc/arm-none-eabi/4.7.4/../../../../arm-none-eabi/lib/armv7-m\libg.a(lib_a-stdio.o)
                0x0800a294                __sread
 .text.__swrite
                0x0800a2b8       0x44 c:/program files (x86)/gnu tools arm embedded/4.7 2013q3/bin/../lib/gcc/arm-none-eabi/4.7.4/../../../../arm-none-eabi/lib/armv7-m\libg.a(lib_a-stdio.o)
                0x0800a2b8                __swrite
 .text.__sseek  0x0800a2fc       0x24 c:/program files (x86)/gnu tools arm embedded/4.7 2013q3/bin/../lib/gcc/arm-none-eabi/4.7.4/../../../../arm-none-eabi/lib/armv7-m\libg.a(lib_a-stdio.o)
                0x0800a2fc                __sseek
 .text.__sclose
                0x0800a320        0x8 c:/program files (x86)/gnu tools arm embedded/4.7 2013q3/bin/../lib/gcc/arm-none-eabi/4.7.4/../../../../arm-none-eabi/lib/armv7-m\libg.a(lib_a-stdio.o)
                0x0800a320                __sclose
 .text.__sprint_r
                0x0800a328       0xc0 c:/program files (x86)/gnu tools arm embedded/4.7 2013q3/bin/../lib/gcc/arm-none-eabi/4.7.4/../../../../arm-none-eabi/lib/armv7-m\libg.a(lib_a-vfiprintf.o)
                0x0800a328                __sprint_r
 .text._write_r
                0x0800a3e8       0x28 c:/program files (x86)/gnu tools arm embedded/4.7 2013q3/bin/../lib/gcc/arm-none-eabi/4.7.4/../../../../arm-none-eabi/lib/armv7-m\libg.a(lib_a-writer.o)
                0x0800a3e8                _write_r
 .text._calloc_r
                0x0800a410       0x60 c:/program files (x86)/gnu tools arm embedded/4.7 2013q3/bin/../lib/gcc/arm-none-eabi/4.7.4/../../../../arm-none-eabi/lib/armv7-m\libg.a(lib_a-callocr.o)
                0x0800a410                _calloc_r
 .text._close_r
                0x0800a470       0x24 c:/program files (x86)/gnu tools arm embedded/4.7 2013q3/bin/../lib/gcc/arm-none-eabi/4.7.4/../../../../arm-none-eabi/lib/armv7-m\libg.a(lib_a-closer.o)
                0x0800a470                _close_r
 .text._fclose_r
                0x0800a494       0x94 c:/program files (x86)/gnu tools arm embedded/4.7 2013q3/bin/../lib/gcc/arm-none-eabi/4.7.4/../../../../arm-none-eabi/lib/armv7-m\libg.a(lib_a-fclose.o)
                0x0800a494                _fclose_r
 .text.fclose   0x0800a528       0x10 c:/program files (x86)/gnu tools arm embedded/4.7 2013q3/bin/../lib/gcc/arm-none-eabi/4.7.4/../../../../arm-none-eabi/lib/armv7-m\libg.a(lib_a-fclose.o)
                0x0800a528                fclose
 .text._fputwc_r
                0x0800a538      0x1b0 c:/program files (x86)/gnu tools arm embedded/4.7 2013q3/bin/../lib/gcc/arm-none-eabi/4.7.4/../../../../arm-none-eabi/lib/armv7-m\libg.a(lib_a-fputwc.o)
                0x0800a538                _fputwc_r
 .text._fstat_r
                0x0800a6e8       0x28 c:/program files (x86)/gnu tools arm embedded/4.7 2013q3/bin/../lib/gcc/arm-none-eabi/4.7.4/../../../../arm-none-eabi/lib/armv7-m\libg.a(lib_a-fstatr.o)
                0x0800a6e8                _fstat_r
 .text._isatty_r
                0x0800a710       0x24 c:/program files (x86)/gnu tools arm embedded/4.7 2013q3/bin/../lib/gcc/arm-none-eabi/4.7.4/../../../../arm-none-eabi/lib/armv7-m\libg.a(lib_a-isattyr.o)
                0x0800a710                _isatty_r
 .text._lseek_r
                0x0800a734       0x28 c:/program files (x86)/gnu tools arm embedded/4.7 2013q3/bin/../lib/gcc/arm-none-eabi/4.7.4/../../../../arm-none-eabi/lib/armv7-m\libg.a(lib_a-lseekr.o)
                0x0800a734                _lseek_r
 .text._read_r  0x0800a75c       0x28 c:/program files (x86)/gnu tools arm embedded/4.7 2013q3/bin/../lib/gcc/arm-none-eabi/4.7.4/../../../../arm-none-eabi/lib/armv7-m\libg.a(lib_a-readr.o)
                0x0800a75c                _read_r
 .text.__swbuf_r
                0x0800a784       0xbc c:/program files (x86)/gnu tools arm embedded/4.7 2013q3/bin/../lib/gcc/arm-none-eabi/4.7.4/../../../../arm-none-eabi/lib/armv7-m\libg.a(lib_a-wbuf.o)
                0x0800a784                __swbuf_r
 .text._wcrtomb_r
                0x0800a840       0x50 c:/program files (x86)/gnu tools arm embedded/4.7 2013q3/bin/../lib/gcc/arm-none-eabi/4.7.4/../../../../arm-none-eabi/lib/armv7-m\libg.a(lib_a-wcrtomb.o)
                0x0800a840                _wcrtomb_r
 .text.__ascii_wctomb
                0x0800a890       0x1c c:/program files (x86)/gnu tools arm embedded/4.7 2013q3/bin/../lib/gcc/arm-none-eabi/4.7.4/../../../../arm-none-eabi/lib/armv7-m\libg.a(lib_a-wctomb_r.o)
                0x0800a890                __ascii_wctomb
 .text          0x0800a8ac      0x370 c:/program files (x86)/gnu tools arm embedded/4.7 2013q3/bin/../lib/gcc/arm-none-eabi/4.7.4/armv7-m\libgcc.a(_arm_addsubdf3.o)
                0x0800a8ac                __aeabi_drsub
                0x0800a8b4                __aeabi_dsub
                0x0800a8b4                __subdf3
                0x0800a8b8                __aeabi_dadd
                0x0800a8b8                __adddf3
                0x0800ab30                __floatunsidf
                0x0800ab30                __aeabi_ui2d
                0x0800ab50                __floatsidf
                0x0800ab50                __aeabi_i2d
                0x0800ab74                __aeabi_f2d
                0x0800ab74                __extendsfdf2
                0x0800abb0                __floatundidf
                0x0800abb0                __aeabi_ul2d
                0x0800abc0                __floatdidf
                0x0800abc0                __aeabi_l2d
 .text          0x0800ac1c      0x424 c:/program files (x86)/gnu tools arm embedded/4.7 2013q3/bin/../lib/gcc/arm-none-eabi/4.7.4/armv7-m\libgcc.a(_arm_muldivdf3.o)
                0x0800ac1c                __aeabi_dmul
                0x0800ac1c                __muldf3
                0x0800ae70                __divdf3
                0x0800ae70                __aeabi_ddiv
 .text          0x0800b040      0x110 c:/program files (x86)/gnu tools arm embedded/4.7 2013q3/bin/../lib/gcc/arm-none-eabi/4.7.4/armv7-m\libgcc.a(_arm_cmpdf2.o)
                0x0800b040                __gtdf2
                0x0800b040                __gedf2
                0x0800b048                __ltdf2
                0x0800b048                __ledf2
                0x0800b050                __nedf2
                0x0800b050                __eqdf2
                0x0800b050                __cmpdf2
                0x0800b0cc                __aeabi_cdrcmple
                0x0800b0dc                __aeabi_cdcmpeq
                0x0800b0dc                __aeabi_cdcmple
                0x0800b0ec                __aeabi_dcmpeq
                0x0800b100                __aeabi_dcmplt
                0x0800b114                __aeabi_dcmple
                0x0800b128                __aeabi_dcmpge
                0x0800b13c                __aeabi_dcmpgt
 .text          0x0800b150       0x50 c:/program files (x86)/gnu tools arm embedded/4.7 2013q3/bin/../lib/gcc/arm-none-eabi/4.7.4/armv7-m\libgcc.a(_arm_fixdfsi.o)
                0x0800b150                __aeabi_d2iz
                0x0800b150                __fixdfsi
 .text          0x0800b1a0       0x2c c:/program files (x86)/gnu tools arm embedded/4.7 2013q3/bin/../lib/gcc/arm-none-eabi/4.7.4/armv7-m\libgcc.a(_aeabi_uldivmod.o)
                0x0800b1a0                __aeabi_uldivmod
 .text          0x0800b1cc       0x60 c:/program files (x86)/gnu tools arm embedded/4.7 2013q3/bin/../lib/gcc/arm-none-eabi/4.7.4/armv7-m\libgcc.a(bpabi.o)
                0x0800b1cc                __gnu_ldivmod_helper
                0x0800b1fc                __gnu_uldivmod_helper
 .text          0x0800b22c        0x4 c:/program files (x86)/gnu tools arm embedded/4.7 2013q3/bin/../lib/gcc/arm-none-eabi/4.7.4/armv7-m\libgcc.a(_dvmd_tls.o)
                0x0800b22c                __aeabi_idiv0
                0x0800b22c                __aeabi_ldiv0
 .text          0x0800b230      0x2bc c:/program files (x86)/gnu tools arm embedded/4.7 2013q3/bin/../lib/gcc/arm-none-eabi/4.7.4/armv7-m\libgcc.a(_divdi3.o)
                0x0800b230                __divdi3
 .text          0x0800b4ec      0x28c c:/program files (x86)/gnu tools arm embedded/4.7 2013q3/bin/../lib/gcc/arm-none-eabi/4.7.4/armv7-m\libgcc.a(_udivdi3.o)
                0x0800b4ec                __udivdi3
 .text._close   0x0800b778       0x14 c:/program files (x86)/gnu tools arm embedded/4.7 2013q3/bin/../lib/gcc/arm-none-eabi/4.7.4/../../../../arm-none-eabi/lib/armv7-m\libnosys.a(close.o)
                0x0800b778                _close
 .text._fstat   0x0800b78c       0x14 c:/program files (x86)/gnu tools arm embedded/4.7 2013q3/bin/../lib/gcc/arm-none-eabi/4.7.4/../../../../arm-none-eabi/lib/armv7-m\libnosys.a(fstat.o)
                0x0800b78c                _fstat
 .text._isatty  0x0800b7a0       0x10 c:/program files (x86)/gnu tools arm embedded/4.7 2013q3/bin/../lib/gcc/arm-none-eabi/4.7.4/../../../../arm-none-eabi/lib/armv7-m\libnosys.a(isatty.o)
                0x0800b7a0                _isatty
 .text._lseek   0x0800b7b0       0x14 c:/program files (x86)/gnu tools arm embedded/4.7 2013q3/bin/../lib/gcc/arm-none-eabi/4.7.4/../../../../arm-none-eabi/lib/armv7-m\libnosys.a(lseek.o)
                0x0800b7b0                _lseek
 .text._read    0x0800b7c4       0x14 c:/program files (x86)/gnu tools arm embedded/4.7 2013q3/bin/../lib/gcc/arm-none-eabi/4.7.4/../../../../arm-none-eabi/lib/armv7-m\libnosys.a(read.o)
                0x0800b7c4                _read
 *(.rodata .rodata.*)
 .rodata._ZL16btn_activeStates
                0x0800b7d8        0x4 ./src/MB1_Buttons.o
 .rodata._ZL13btn_GPIO_pins
                0x0800b7dc        0x4 ./src/MB1_Buttons.o
 .rodata._ZL13btn_GPIO_clks
                0x0800b7e0        0x8 ./src/MB1_Buttons.o
 .rodata._ZL10LedGPIOPin
                0x0800b7e8        0x8 ./src/MB1_Leds.o
 .rodata._ZL10LedGPIOClk
                0x0800b7f0       0x10 ./src/MB1_Leds.o
 .rodata._ZL12GPIO_isRemap
                0x0800b800        0x4 ./src/MB1_SPI.o
 .rodata._ZL9MOSI_pins
                0x0800b804        0x8 ./src/MB1_SPI.o
 .rodata._ZL9MISO_pins
                0x0800b80c        0x8 ./src/MB1_SPI.o
 .rodata._ZL8SCK_pins
                0x0800b814        0x8 ./src/MB1_SPI.o
 .rodata._ZL14_USART_TXD_PIN
                0x0800b81c        0xc ./src/MB1_Serial_t.o
 .rodata._ZL14_USART_RXD_PIN
                0x0800b828        0xc ./src/MB1_Serial_t.o
 .rodata._ZL14_USART_TXD_CLK
                0x0800b834       0x14 ./src/MB1_Serial_t.o
 .rodata._ZL14_USART_RXD_CLK
                0x0800b848       0x14 ./src/MB1_Serial_t.o
 .rodata._ZL10_USART_CLK
                0x0800b85c       0x14 ./src/MB1_Serial_t.o
 .rodata._ZL10rfSettings
                0x0800b870       0x24 ./src/driverCC1101.o
 .rodata        0x0800b894       0x48 ./src/main.o
 .rodata.str1.4
                0x0800b8dc        0x2 c:/program files (x86)/gnu tools arm embedded/4.7 2013q3/bin/../lib/gcc/arm-none-eabi/4.7.4/../../../../arm-none-eabi/lib/armv7-m\libg.a(lib_a-impure.o)
                                  0x4 (size before relaxing)
 *fill*         0x0800b8de        0x2 00
 .rodata.str1.4
                0x0800b8e0        0x2 c:/program files (x86)/gnu tools arm embedded/4.7 2013q3/bin/../lib/gcc/arm-none-eabi/4.7.4/../../../../arm-none-eabi/lib/armv7-m\libg.a(lib_a-puts.o)
                                  0x4 (size before relaxing)
 *fill*         0x0800b8e2        0x2 00
 .rodata.blanks.6735
                0x0800b8e4       0x10 c:/program files (x86)/gnu tools arm embedded/4.7 2013q3/bin/../lib/gcc/arm-none-eabi/4.7.4/../../../../arm-none-eabi/lib/armv7-m\libg.a(lib_a-vfprintf.o)
 .rodata.str1.4
                0x0800b8f4       0x42 c:/program files (x86)/gnu tools arm embedded/4.7 2013q3/bin/../lib/gcc/arm-none-eabi/4.7.4/../../../../arm-none-eabi/lib/armv7-m\libg.a(lib_a-vfprintf.o)
                                 0x44 (size before relaxing)
 *fill*         0x0800b936        0x2 00
 .rodata.zeroes.6736
                0x0800b938       0x10 c:/program files (x86)/gnu tools arm embedded/4.7 2013q3/bin/../lib/gcc/arm-none-eabi/4.7.4/../../../../arm-none-eabi/lib/armv7-m\libg.a(lib_a-vfprintf.o)
 .rodata.str1.4
                0x0800b948       0x10 c:/program files (x86)/gnu tools arm embedded/4.7 2013q3/bin/../lib/gcc/arm-none-eabi/4.7.4/../../../../arm-none-eabi/lib/armv7-m\libg.a(lib_a-dtoa.o)
                                 0x14 (size before relaxing)
 .rodata.str1.4
                0x0800b958        0xc c:/program files (x86)/gnu tools arm embedded/4.7 2013q3/bin/../lib/gcc/arm-none-eabi/4.7.4/../../../../arm-none-eabi/lib/armv7-m\libg.a(lib_a-locale.o)
                                 0x14 (size before relaxing)
 .rodata.p05.5242
                0x0800b964        0xc c:/program files (x86)/gnu tools arm embedded/4.7 2013q3/bin/../lib/gcc/arm-none-eabi/4.7.4/../../../../arm-none-eabi/lib/armv7-m\libg.a(lib_a-mprec.o)
 .rodata.__mprec_tens
                0x0800b970       0xc8 c:/program files (x86)/gnu tools arm embedded/4.7 2013q3/bin/../lib/gcc/arm-none-eabi/4.7.4/../../../../arm-none-eabi/lib/armv7-m\libg.a(lib_a-mprec.o)
                0x0800b970                __mprec_tens
 .rodata.__mprec_bigtens
                0x0800ba38       0x28 c:/program files (x86)/gnu tools arm embedded/4.7 2013q3/bin/../lib/gcc/arm-none-eabi/4.7.4/../../../../arm-none-eabi/lib/armv7-m\libg.a(lib_a-mprec.o)
                0x0800ba38                __mprec_bigtens
 *(.eh_frame*)
 *(.glue_7)
 .glue_7        0x00000000        0x0 linker stubs
 *(.glue_7t)
 .glue_7t       0x00000000        0x0 linker stubs

.vfp11_veneer   0x0800ba60        0x0
 .vfp11_veneer  0x00000000        0x0 linker stubs

.v4_bx          0x0800ba60        0x0
 .v4_bx         0x00000000        0x0 linker stubs

.iplt           0x0800ba60        0x0
 .iplt          0x00000000        0x0 ./src/HA_System.o

.ARM.extab
 *(.ARM.extab* .gnu.linkonce.armextab.*)
                0x0800ba60                __exidx_start = .

.ARM.exidx      0x0800ba60        0x8
 *(.ARM.exidx* .gnu.linkonce.armexidx.*)
 .ARM.exidx     0x0800ba60        0x8 c:/program files (x86)/gnu tools arm embedded/4.7 2013q3/bin/../lib/gcc/arm-none-eabi/4.7.4/armv7-m\libgcc.a(_divdi3.o)
 .ARM.exidx     0x0800ba68        0x0 c:/program files (x86)/gnu tools arm embedded/4.7 2013q3/bin/../lib/gcc/arm-none-eabi/4.7.4/armv7-m\libgcc.a(_udivdi3.o)
                                  0x8 (size before relaxing)
                0x0800ba68                __exidx_end = .

.rel.dyn        0x0800ba68        0x0
 .rel.iplt      0x00000000        0x0 ./src/HA_System.o
                0x0800ba68                . = ALIGN (0x4)
                0x0800ba68                _etext = .
                0x0800ba68                _sidata = _etext

.ROarraySection
 *(.ROarraySection .ROarraySection.*)

.data           0x20000000      0x9bc load address 0x0800ba68
                0x20000000                . = ALIGN (0x4)
                0x20000000                _sdata = .
                0x20000000                __data_start__ = .
 *(vtable)
 *(EXCLUDE_FILE(*rdimon-crt0.o) .data .data.*)
 .data.HA_SPI_ptr
                0x20000000        0x4 ./src/HA_System.o
                0x20000000                HA_SPI_ptr
 .data.HA_ISR_ptr
                0x20000004        0x4 ./src/HA_System.o
                0x20000004                HA_ISR_ptr
 .data.HA_SPI_decodeTable
                0x20000008        0x4 ./src/HA_System.o
                0x20000008                HA_SPI_decodeTable
 .data.btn_GPIO_ports
                0x2000000c        0x8 ./src/MB1_Buttons.o
                0x2000000c                btn_GPIO_ports
 .data.btn_GPIO_modes
                0x20000014        0x4 ./src/MB1_Buttons.o
                0x20000014                btn_GPIO_modes
 .data.btn_GPIO_speeds
                0x20000018        0x4 ./src/MB1_Buttons.o
                0x20000018                btn_GPIO_speeds
 .data.btn_processingFunctions_p
                0x2000001c        0x8 ./src/MB1_Buttons.o
                0x2000001c                btn_processingFunctions_p
 .data.LedGPIOPorts
                0x20000024       0x10 ./src/MB1_Leds.o
                0x20000024                LedGPIOPorts
 .data.LedGPIOMode
                0x20000034        0x4 ./src/MB1_Leds.o
                0x20000034                LedGPIOMode
 .data.LedGPIOSpeed
                0x20000038        0x4 ./src/MB1_Leds.o
                0x20000038                LedGPIOSpeed
 .data._ZL13LedBeat_count
                0x2000003c        0x2 ./src/MB1_Misc.o
 *fill*         0x2000003e        0x2 00
 .data.SPIs     0x20000040        0x8 ./src/MB1_SPI.o
                0x20000040                SPIs
 .data.RCCSPIs  0x20000048        0x8 ./src/MB1_SPI.o
                0x20000048                RCCSPIs
 .data.RCCSPI_FPtrs
                0x20000050        0x8 ./src/MB1_SPI.o
                0x20000050                RCCSPI_FPtrs
 .data.MOSI_ports
                0x20000058       0x10 ./src/MB1_SPI.o
                0x20000058                MOSI_ports
 .data.MOSI_RCCs
                0x20000068       0x10 ./src/MB1_SPI.o
                0x20000068                MOSI_RCCs
 .data.MISO_ports
                0x20000078       0x10 ./src/MB1_SPI.o
                0x20000078                MISO_ports
 .data.MISO_RCCs
                0x20000088       0x10 ./src/MB1_SPI.o
                0x20000088                MISO_RCCs
 .data.SCK_ports
                0x20000098       0x10 ./src/MB1_SPI.o
                0x20000098                SCK_ports
 .data.SCK_RCCs
                0x200000a8       0x10 ./src/MB1_SPI.o
                0x200000a8                SCK_RCCs
 .data._USART_TXD_PORT
                0x200000b8       0x14 ./src/MB1_Serial_t.o
                0x200000b8                _USART_TXD_PORT
 .data._USART_RXD_PORT
                0x200000cc       0x14 ./src/MB1_Serial_t.o
                0x200000cc                _USART_RXD_PORT
 .data._USARTs  0x200000e0       0x14 ./src/MB1_Serial_t.o
                0x200000e0                _USARTs
 .data.MB1_conf_miscTIM_p
                0x200000f4        0x4 ./src/MB1_System.o
                0x200000f4                MB1_conf_miscTIM_p
 .data.MB1_conf_miscTIM_ISRType
                0x200000f8        0x1 ./src/MB1_System.o
                0x200000f8                MB1_conf_miscTIM_ISRType
 *fill*         0x200000f9        0x3 00
 .data.MB1_conf_ledBeat_p
                0x200000fc        0x4 ./src/MB1_System.o
                0x200000fc                MB1_conf_ledBeat_p
 .data.paTable  0x20000100        0x8 ./src/driverCC1101.o
                0x20000100                paTable
 .data.STATE    0x20000108        0x1 ./src/main.o
                0x20000108                STATE
 .data.subISR_EXTI0
                0x20000109        0x1 ./src/variablePacketHandler.o
                0x20000109                subISR_EXTI0
 .data.subISR_EXTI1
                0x2000010a        0x1 ./src/variablePacketHandler.o
                0x2000010a                subISR_EXTI1
 *fill*         0x2000010b        0x1 00
 .data.APBAHBPrescTable
                0x2000010c       0x10 ./libs/StdPeriph/src/stm32f10x_rcc.o
 .data.ADCPrescTable
                0x2000011c        0x4 ./libs/StdPeriph/src/stm32f10x_rcc.o
 .data.impure_data
                0x20000120      0x428 c:/program files (x86)/gnu tools arm embedded/4.7 2013q3/bin/../lib/gcc/arm-none-eabi/4.7.4/../../../../arm-none-eabi/lib/armv7-m\libg.a(lib_a-impure.o)
 .data._impure_ptr
                0x20000548        0x4 c:/program files (x86)/gnu tools arm embedded/4.7 2013q3/bin/../lib/gcc/arm-none-eabi/4.7.4/../../../../arm-none-eabi/lib/armv7-m\libg.a(lib_a-impure.o)
                0x20000548                _impure_ptr
 .data.lconv    0x2000054c       0x38 c:/program files (x86)/gnu tools arm embedded/4.7 2013q3/bin/../lib/gcc/arm-none-eabi/4.7.4/../../../../arm-none-eabi/lib/armv7-m\libg.a(lib_a-locale.o)
 .data.lc_ctype_charset
                0x20000584       0x20 c:/program files (x86)/gnu tools arm embedded/4.7 2013q3/bin/../lib/gcc/arm-none-eabi/4.7.4/../../../../arm-none-eabi/lib/armv7-m\libg.a(lib_a-locale.o)
 .data.__mb_cur_max
                0x200005a4        0x4 c:/program files (x86)/gnu tools arm embedded/4.7 2013q3/bin/../lib/gcc/arm-none-eabi/4.7.4/../../../../arm-none-eabi/lib/armv7-m\libg.a(lib_a-locale.o)
                0x200005a4                __mb_cur_max
 .data.__malloc_av_
                0x200005a8      0x408 c:/program files (x86)/gnu tools arm embedded/4.7 2013q3/bin/../lib/gcc/arm-none-eabi/4.7.4/../../../../arm-none-eabi/lib/armv7-m\libg.a(lib_a-mallocr.o)
                0x200005a8                __malloc_av_
 .data.__malloc_trim_threshold
                0x200009b0        0x4 c:/program files (x86)/gnu tools arm embedded/4.7 2013q3/bin/../lib/gcc/arm-none-eabi/4.7.4/../../../../arm-none-eabi/lib/armv7-m\libg.a(lib_a-mallocr.o)
                0x200009b0                __malloc_trim_threshold
 .data.__malloc_sbrk_base
                0x200009b4        0x4 c:/program files (x86)/gnu tools arm embedded/4.7 2013q3/bin/../lib/gcc/arm-none-eabi/4.7.4/../../../../arm-none-eabi/lib/armv7-m\libg.a(lib_a-mallocr.o)
                0x200009b4                __malloc_sbrk_base
 .data.__wctomb
                0x200009b8        0x4 c:/program files (x86)/gnu tools arm embedded/4.7 2013q3/bin/../lib/gcc/arm-none-eabi/4.7.4/../../../../arm-none-eabi/lib/armv7-m\libg.a(lib_a-wctomb_r.o)
                0x200009b8                __wctomb
                0x200009bc                . = ALIGN (0x4)
                0x200009bc                _edata = .
                0x200009bc                __data_end__ = .

.igot.plt       0x200009bc        0x0 load address 0x0800c424
 .igot.plt      0x00000000        0x0 ./src/HA_System.o

.bss            0x200009bc      0x350 load address 0x0800c424
                0x200009bc                . = ALIGN (0x4)
 *rdimon-crt0.o(.data)
                0x200009bc                . = ALIGN (0x4)
                0x200009bc                __bss_start__ = .
                0x200009bc                _sbss = .
 *(.bss .bss.*)
 .bss.RF1       0x200009bc        0x8 ./src/HA_System.o
                0x200009bc                RF1
 .bss.HA_CC_SPI_ptr
                0x200009c4        0x4 ./src/HA_System.o
                0x200009c4                HA_CC_SPI_ptr
 .bss.EXTI_InitStructure
                0x200009c8        0x8 ./src/HA_System.o
                0x200009c8                EXTI_InitStructure
 .bss.keyRead_1
                0x200009d0        0x4 ./src/MB1_Buttons.o
                0x200009d0                keyRead_1
 .bss.keyRead_2
                0x200009d4        0x4 ./src/MB1_Buttons.o
                0x200009d4                keyRead_2
 .bss.keyRead_3
                0x200009d8        0x4 ./src/MB1_Buttons.o
                0x200009d8                keyRead_3
 .bss.keyOldState
                0x200009dc        0x4 ./src/MB1_Buttons.o
                0x200009dc                keyOldState
 .bss.isNewKeyPressed
                0x200009e0        0x4 ./src/MB1_Buttons.o
                0x200009e0                isNewKeyPressed
 .bss.isLongTimePressed
                0x200009e4        0x4 ./src/MB1_Buttons.o
                0x200009e4                isLongTimePressed
 .bss.longTimePressed_count
                0x200009e8        0x4 ./src/MB1_Buttons.o
                0x200009e8                longTimePressed_count
 .bss.timeCycle_count
                0x200009ec        0x1 ./src/MB1_Buttons.o
                0x200009ec                timeCycle_count
 *fill*         0x200009ed        0x3 00
 .bss.SysTick_subISR_table
                0x200009f0       0x10 ./src/MB1_ISR.o
                0x200009f0                SysTick_subISR_table
 .bss.TIM6_subISR_table
                0x20000a00       0x10 ./src/MB1_ISR.o
                0x20000a00                TIM6_subISR_table
 .bss.USART1_subISR_table
                0x20000a10       0x10 ./src/MB1_ISR.o
                0x20000a10                USART1_subISR_table
 .bss.EXTI0_subISR_table
                0x20000a20       0x10 ./src/MB1_ISR.o
                0x20000a20                EXTI0_subISR_table
 .bss.EXTI1_subISR_table
                0x20000a30       0x10 ./src/MB1_ISR.o
                0x20000a30                EXTI1_subISR_table
 .bss._ZL14LedBeat_LedPtr
                0x20000a40        0x4 ./src/MB1_Misc.o
 .bss.ledBeat_period
                0x20000a44        0x2 ./src/MB1_Misc.o
                0x20000a44                ledBeat_period
 *fill*         0x20000a46        0x2 00
 .bss._ZL13Delayms_count
                0x20000a48        0x4 ./src/MB1_Misc.o
 .bss.miscTIM_period
                0x20000a4c        0x2 ./src/MB1_Misc.o
                0x20000a4c                miscTIM_period
 *fill*         0x20000a4e        0x2 00
 .bss._ZL15USART_stdoutPtr
                0x20000a50        0x4 ./src/MB1_Serial_t.o
 .bss._ZL15USART_stderrPtr
                0x20000a54        0x4 ./src/MB1_Serial_t.o
 .bss._ZL14USART_stdinPtr
                0x20000a58        0x4 ./src/MB1_Serial_t.o
 .bss.MB1_SPI1  0x20000a5c       0x34 ./src/MB1_System.o
                0x20000a5c                MB1_SPI1
 .bss.MB1_SPI2  0x20000a90       0x34 ./src/MB1_System.o
                0x20000a90                MB1_SPI2
 .bss.MB1_Led_D5
                0x20000ac4        0x4 ./src/MB1_System.o
                0x20000ac4                MB1_Led_D5
 .bss.MB1_RGB_red
                0x20000ac8        0x4 ./src/MB1_System.o
                0x20000ac8                MB1_RGB_red
 .bss.MB1_RGB_blue
                0x20000acc        0x4 ./src/MB1_System.o
                0x20000acc                MB1_RGB_blue
 .bss.MB1_RGB_green
                0x20000ad0        0x4 ./src/MB1_System.o
                0x20000ad0                MB1_RGB_green
 .bss.MB1_usrBtn0
                0x20000ad4        0x4 ./src/MB1_System.o
                0x20000ad4                MB1_usrBtn0
 .bss.MB1_usrBtn1
                0x20000ad8        0x4 ./src/MB1_System.o
                0x20000ad8                MB1_usrBtn1
 .bss.MB1_USART1
                0x20000adc        0x4 ./src/MB1_System.o
                0x20000adc                MB1_USART1
 .bss.MB1_USART2
                0x20000ae0        0x4 ./src/MB1_System.o
                0x20000ae0                MB1_USART2
 .bss.MB1_ISRs  0x20000ae4        0x4 ./src/MB1_System.o
                0x20000ae4                MB1_ISRs
 .bss.CC_SPI_params_struct
                0x20000ae8       0x14 ./src/driverCC1101.o
                0x20000ae8                CC_SPI_params_struct
 .bss.GPIO_GDO  0x20000afc        0x4 ./src/driverCC1101.o
                0x20000afc                GPIO_GDO
 .bss.MB1_SPI_params_s
                0x20000b00       0x14 ./src/main.o
                0x20000b00                MB1_SPI_params_s
 .bss.i         0x20000b14        0x1 ./src/main.o
                0x20000b14                i
 .bss.RSSI_dBm  0x20000b15        0x1 ./src/main.o
                0x20000b15                RSSI_dBm
 *fill*         0x20000b16        0x2 00
 .bss.txBuf     0x20000b18       0xcc ./src/variablePacketHandler.o
                0x20000b18                txBuf
 .bss.rxBuf     0x20000be4       0xcc ./src/variablePacketHandler.o
                0x20000be4                rxBuf
 .bss.mode      0x20000cb0        0x1 ./src/variablePacketHandler.o
                0x20000cb0                mode
 *fill*         0x20000cb1        0x3 00
 .bss.wrData    0x20000cb4        0xc ./src/variablePacketHandler.o
                0x20000cb4                wrData
 .bss.rdData    0x20000cc0        0xc ./src/variablePacketHandler.o
                0x20000cc0                rdData
 .bss.flag      0x20000ccc        0x1 ./src/variablePacketHandler.o
                0x20000ccc                flag
 *fill*         0x20000ccd        0x3 00
 .bss.current_heap_end.4274
                0x20000cd0        0x4 ./libs/misc/src/_sbrk.o
 .bss.__malloc_max_total_mem
                0x20000cd4        0x4 c:/program files (x86)/gnu tools arm embedded/4.7 2013q3/bin/../lib/gcc/arm-none-eabi/4.7.4/../../../../arm-none-eabi/lib/armv7-m\libg.a(lib_a-mallocr.o)
                0x20000cd4                __malloc_max_total_mem
 .bss.__malloc_max_sbrked_mem
                0x20000cd8        0x4 c:/program files (x86)/gnu tools arm embedded/4.7 2013q3/bin/../lib/gcc/arm-none-eabi/4.7.4/../../../../arm-none-eabi/lib/armv7-m\libg.a(lib_a-mallocr.o)
                0x20000cd8                __malloc_max_sbrked_mem
 .bss.__malloc_top_pad
                0x20000cdc        0x4 c:/program files (x86)/gnu tools arm embedded/4.7 2013q3/bin/../lib/gcc/arm-none-eabi/4.7.4/../../../../arm-none-eabi/lib/armv7-m\libg.a(lib_a-mallocr.o)
                0x20000cdc                __malloc_top_pad
 .bss.__malloc_current_mallinfo
                0x20000ce0       0x28 c:/program files (x86)/gnu tools arm embedded/4.7 2013q3/bin/../lib/gcc/arm-none-eabi/4.7.4/../../../../arm-none-eabi/lib/armv7-m\libg.a(lib_a-mallocr.o)
                0x20000ce0                __malloc_current_mallinfo
 *(COMMON)
 COMMON         0x20000d08        0x4 c:/program files (x86)/gnu tools arm embedded/4.7 2013q3/bin/../lib/gcc/arm-none-eabi/4.7.4/../../../../arm-none-eabi/lib/armv7-m\libg.a(lib_a-reent.o)
                0x20000d08                errno
                0x20000d0c                . = ALIGN (0x4)
                0x20000d0c                __bss_end__ = .
                0x20000d0c                _ebss = .

.noinit         0x20000d0c        0x0
                0x20000d0c                . = ALIGN (0x4)
                0x20000d0c                _noinit = .
 *(.noinit .noinit.*)
                0x20000d0c                . = ALIGN (0x4)
                0x20000d0c                _end_noinit = .
                0x20000d0c                PROVIDE (end, _end_noinit)
                0x20000d0c                PROVIDE (_end, _end_noinit)
                0x20000d0c                PROVIDE (__end, _end_noinit)
                0x20000d0c                PROVIDE (__end__, _end_noinit)

._check_stack   0x20000d0c      0x100 load address 0x0800c774
                0x20000d0c                . = ALIGN (0x4)
                0x20000e0c                . = (. + _Minimum_Stack_Size)
 *fill*         0x20000d0c      0x100 00
                0x20000e0c                . = ALIGN (0x4)

.bss_CCMRAM
 *(.bss.CCMRAM .bss.CCMRAM.*)

.b1text
 *(.b1text)
 *(.b1rodata)
 *(.b1rodata.*)

.eb0text
 *(.eb0text)
 *(.eb0rodata)
 *(.eb0rodata.*)

.eb1text
 *(.eb1text)
 *(.eb1rodata)
 *(.eb1rodata.*)

.eb2text
 *(.eb2text)
 *(.eb2rodata)
 *(.eb2rodata.*)

.eb3text
 *(.eb3text)
 *(.eb3rodata)
 *(.eb3rodata.*)

.stab           0x00000000       0x84
 *(.stab)
 .stab          0x00000000       0x24 c:/program files (x86)/gnu tools arm embedded/4.7 2013q3/bin/../lib/gcc/arm-none-eabi/4.7.4/../../../../arm-none-eabi/lib/armv7-m\libnosys.a(close.o)
 .stab          0x00000024       0x18 c:/program files (x86)/gnu tools arm embedded/4.7 2013q3/bin/../lib/gcc/arm-none-eabi/4.7.4/../../../../arm-none-eabi/lib/armv7-m\libnosys.a(fstat.o)
                                 0x24 (size before relaxing)
 .stab          0x0000003c       0x18 c:/program files (x86)/gnu tools arm embedded/4.7 2013q3/bin/../lib/gcc/arm-none-eabi/4.7.4/../../../../arm-none-eabi/lib/armv7-m\libnosys.a(isatty.o)
                                 0x24 (size before relaxing)
 .stab          0x00000054       0x18 c:/program files (x86)/gnu tools arm embedded/4.7 2013q3/bin/../lib/gcc/arm-none-eabi/4.7.4/../../../../arm-none-eabi/lib/armv7-m\libnosys.a(lseek.o)
                                 0x24 (size before relaxing)
 .stab          0x0000006c       0x18 c:/program files (x86)/gnu tools arm embedded/4.7 2013q3/bin/../lib/gcc/arm-none-eabi/4.7.4/../../../../arm-none-eabi/lib/armv7-m\libnosys.a(read.o)
                                 0x24 (size before relaxing)

.stabstr        0x00000000      0x117
 *(.stabstr)
 .stabstr       0x00000000      0x117 c:/program files (x86)/gnu tools arm embedded/4.7 2013q3/bin/../lib/gcc/arm-none-eabi/4.7.4/../../../../arm-none-eabi/lib/armv7-m\libnosys.a(close.o)

.stab.excl
 *(.stab.excl)

.stab.exclstr
 *(.stab.exclstr)

.stab.index
 *(.stab.index)

.stab.indexstr
 *(.stab.indexstr)

.comment        0x00000000       0x70
 *(.comment)
 .comment       0x00000000       0x70 ./src/HA_System.o
                                 0x71 (size before relaxing)
 .comment       0x00000000       0x71 ./src/MB1_Buttons.o
 .comment       0x00000000       0x71 ./src/MB1_ISR.o
 .comment       0x00000000       0x71 ./src/MB1_Leds.o
 .comment       0x00000000       0x71 ./src/MB1_Misc.o
 .comment       0x00000000       0x71 ./src/MB1_SPI.o
 .comment       0x00000000       0x71 ./src/MB1_Serial_t.o
 .comment       0x00000000       0x71 ./src/MB1_System.o
 .comment       0x00000000       0x71 ./src/driverCC1101.o
 .comment       0x00000000       0x71 ./src/main.o
 .comment       0x00000000       0x71 ./src/variablePacketHandler.o
 .comment       0x00000000       0x71 ./libs/misc/src/_sbrk.o
 .comment       0x00000000       0x71 ./libs/StdPeriph/src/misc.o
 .comment       0x00000000       0x71 ./libs/StdPeriph/src/stm32f10x_exti.o
 .comment       0x00000000       0x71 ./libs/StdPeriph/src/stm32f10x_gpio.o
 .comment       0x00000000       0x71 ./libs/StdPeriph/src/stm32f10x_rcc.o
 .comment       0x00000000       0x71 ./libs/StdPeriph/src/stm32f10x_spi.o
 .comment       0x00000000       0x71 ./libs/StdPeriph/src/stm32f10x_tim.o
 .comment       0x00000000       0x71 ./libs/StdPeriph/src/stm32f10x_usart.o
 .comment       0x00000000       0x71 ./libs/CMSIS/src/startup_cm.o
 .comment       0x00000000       0x71 ./libs/CMSIS/src/startup_stm32f10x.o
 .comment       0x00000000       0x71 ./libs/CMSIS/src/system_stm32f10x.o
 .comment       0x00000000       0x71 ./libs/CMSIS/src/vectors_stm32f10x.o

.ARM.attributes
                0x00000000       0x33
 .ARM.attributes
                0x00000000       0x33 ./src/HA_System.o
 .ARM.attributes
                0x00000033       0x33 ./src/MB1_Buttons.o
 .ARM.attributes
                0x00000066       0x33 ./src/MB1_ISR.o
 .ARM.attributes
                0x00000099       0x33 ./src/MB1_Leds.o
 .ARM.attributes
                0x000000cc       0x33 ./src/MB1_Misc.o
 .ARM.attributes
                0x000000ff       0x33 ./src/MB1_SPI.o
 .ARM.attributes
                0x00000132       0x33 ./src/MB1_Serial_t.o
 .ARM.attributes
                0x00000165       0x33 ./src/MB1_System.o
 .ARM.attributes
                0x00000198       0x33 ./src/driverCC1101.o
 .ARM.attributes
                0x000001cb       0x33 ./src/main.o
 .ARM.attributes
                0x000001fe       0x33 ./src/variablePacketHandler.o
 .ARM.attributes
                0x00000231       0x33 ./libs/misc/src/_sbrk.o
 .ARM.attributes
                0x00000264       0x33 ./libs/StdPeriph/src/misc.o
 .ARM.attributes
                0x00000297       0x33 ./libs/StdPeriph/src/stm32f10x_exti.o
 .ARM.attributes
                0x000002ca       0x33 ./libs/StdPeriph/src/stm32f10x_gpio.o
 .ARM.attributes
                0x000002fd       0x33 ./libs/StdPeriph/src/stm32f10x_rcc.o
 .ARM.attributes
                0x00000330       0x33 ./libs/StdPeriph/src/stm32f10x_spi.o
 .ARM.attributes
                0x00000363       0x33 ./libs/StdPeriph/src/stm32f10x_tim.o
 .ARM.attributes
                0x00000396       0x33 ./libs/StdPeriph/src/stm32f10x_usart.o
 .ARM.attributes
                0x000003c9       0x33 ./libs/CMSIS/src/startup_cm.o
 .ARM.attributes
                0x000003fc       0x33 ./libs/CMSIS/src/startup_stm32f10x.o
 .ARM.attributes
                0x0000042f       0x33 ./libs/CMSIS/src/system_stm32f10x.o
 .ARM.attributes
                0x00000462       0x33 ./libs/CMSIS/src/vectors_stm32f10x.o
 .ARM.attributes
                0x00000495       0x2d c:/program files (x86)/gnu tools arm embedded/4.7 2013q3/bin/../lib/gcc/arm-none-eabi/4.7.4/../../../../arm-none-eabi/lib/armv7-m\libg.a(lib_a-errno.o)
 .ARM.attributes
                0x000004c2       0x2d c:/program files (x86)/gnu tools arm embedded/4.7 2013q3/bin/../lib/gcc/arm-none-eabi/4.7.4/../../../../arm-none-eabi/lib/armv7-m\libg.a(lib_a-impure.o)
 .ARM.attributes
                0x000004ef       0x2d c:/program files (x86)/gnu tools arm embedded/4.7 2013q3/bin/../lib/gcc/arm-none-eabi/4.7.4/../../../../arm-none-eabi/lib/armv7-m\libg.a(lib_a-printf.o)
 .ARM.attributes
                0x0000051c       0x2d c:/program files (x86)/gnu tools arm embedded/4.7 2013q3/bin/../lib/gcc/arm-none-eabi/4.7.4/../../../../arm-none-eabi/lib/armv7-m\libg.a(lib_a-puts.o)
 .ARM.attributes
                0x00000549       0x2d c:/program files (x86)/gnu tools arm embedded/4.7 2013q3/bin/../lib/gcc/arm-none-eabi/4.7.4/../../../../arm-none-eabi/lib/armv7-m\libg.a(lib_a-strlen.o)
 .ARM.attributes
                0x00000576       0x2d c:/program files (x86)/gnu tools arm embedded/4.7 2013q3/bin/../lib/gcc/arm-none-eabi/4.7.4/../../../../arm-none-eabi/lib/armv7-m\libg.a(lib_a-vfprintf.o)
 .ARM.attributes
                0x000005a3       0x2d c:/program files (x86)/gnu tools arm embedded/4.7 2013q3/bin/../lib/gcc/arm-none-eabi/4.7.4/../../../../arm-none-eabi/lib/armv7-m\libg.a(lib_a-wsetup.o)
 .ARM.attributes
                0x000005d0       0x2d c:/program files (x86)/gnu tools arm embedded/4.7 2013q3/bin/../lib/gcc/arm-none-eabi/4.7.4/../../../../arm-none-eabi/lib/armv7-m\libg.a(lib_a-dtoa.o)
 .ARM.attributes
                0x000005fd       0x2d c:/program files (x86)/gnu tools arm embedded/4.7 2013q3/bin/../lib/gcc/arm-none-eabi/4.7.4/../../../../arm-none-eabi/lib/armv7-m\libg.a(lib_a-fflush.o)
 .ARM.attributes
                0x0000062a       0x2d c:/program files (x86)/gnu tools arm embedded/4.7 2013q3/bin/../lib/gcc/arm-none-eabi/4.7.4/../../../../arm-none-eabi/lib/armv7-m\libg.a(lib_a-findfp.o)
 .ARM.attributes
                0x00000657       0x2d c:/program files (x86)/gnu tools arm embedded/4.7 2013q3/bin/../lib/gcc/arm-none-eabi/4.7.4/../../../../arm-none-eabi/lib/armv7-m\libg.a(lib_a-freer.o)
 .ARM.attributes
                0x00000684       0x2d c:/program files (x86)/gnu tools arm embedded/4.7 2013q3/bin/../lib/gcc/arm-none-eabi/4.7.4/../../../../arm-none-eabi/lib/armv7-m\libg.a(lib_a-fvwrite.o)
 .ARM.attributes
                0x000006b1       0x2d c:/program files (x86)/gnu tools arm embedded/4.7 2013q3/bin/../lib/gcc/arm-none-eabi/4.7.4/../../../../arm-none-eabi/lib/armv7-m\libg.a(lib_a-fwalk.o)
 .ARM.attributes
                0x000006de       0x2d c:/program files (x86)/gnu tools arm embedded/4.7 2013q3/bin/../lib/gcc/arm-none-eabi/4.7.4/../../../../arm-none-eabi/lib/armv7-m\libg.a(lib_a-locale.o)
 .ARM.attributes
                0x0000070b       0x2d c:/program files (x86)/gnu tools arm embedded/4.7 2013q3/bin/../lib/gcc/arm-none-eabi/4.7.4/../../../../arm-none-eabi/lib/armv7-m\libg.a(lib_a-makebuf.o)
 .ARM.attributes
                0x00000738       0x2d c:/program files (x86)/gnu tools arm embedded/4.7 2013q3/bin/../lib/gcc/arm-none-eabi/4.7.4/../../../../arm-none-eabi/lib/armv7-m\libg.a(lib_a-mallocr.o)
 .ARM.attributes
                0x00000765       0x2d c:/program files (x86)/gnu tools arm embedded/4.7 2013q3/bin/../lib/gcc/arm-none-eabi/4.7.4/../../../../arm-none-eabi/lib/armv7-m\libg.a(lib_a-memchr.o)
 .ARM.attributes
                0x00000792       0x2d c:/program files (x86)/gnu tools arm embedded/4.7 2013q3/bin/../lib/gcc/arm-none-eabi/4.7.4/../../../../arm-none-eabi/lib/armv7-m\libg.a(lib_a-memcpy.o)
 .ARM.attributes
                0x000007bf       0x2d c:/program files (x86)/gnu tools arm embedded/4.7 2013q3/bin/../lib/gcc/arm-none-eabi/4.7.4/../../../../arm-none-eabi/lib/armv7-m\libg.a(lib_a-memmove.o)
 .ARM.attributes
                0x000007ec       0x2d c:/program files (x86)/gnu tools arm embedded/4.7 2013q3/bin/../lib/gcc/arm-none-eabi/4.7.4/../../../../arm-none-eabi/lib/armv7-m\libg.a(lib_a-memset.o)
 .ARM.attributes
                0x00000819       0x2d c:/program files (x86)/gnu tools arm embedded/4.7 2013q3/bin/../lib/gcc/arm-none-eabi/4.7.4/../../../../arm-none-eabi/lib/armv7-m\libg.a(lib_a-mlock.o)
 .ARM.attributes
                0x00000846       0x2d c:/program files (x86)/gnu tools arm embedded/4.7 2013q3/bin/../lib/gcc/arm-none-eabi/4.7.4/../../../../arm-none-eabi/lib/armv7-m\libg.a(lib_a-mprec.o)
 .ARM.attributes
                0x00000873       0x2d c:/program files (x86)/gnu tools arm embedded/4.7 2013q3/bin/../lib/gcc/arm-none-eabi/4.7.4/../../../../arm-none-eabi/lib/armv7-m\libg.a(lib_a-reallocr.o)
 .ARM.attributes
                0x000008a0       0x2d c:/program files (x86)/gnu tools arm embedded/4.7 2013q3/bin/../lib/gcc/arm-none-eabi/4.7.4/../../../../arm-none-eabi/lib/armv7-m\libg.a(lib_a-s_fpclassify.o)
 .ARM.attributes
                0x000008cd       0x2d c:/program files (x86)/gnu tools arm embedded/4.7 2013q3/bin/../lib/gcc/arm-none-eabi/4.7.4/../../../../arm-none-eabi/lib/armv7-m\libg.a(lib_a-sbrkr.o)
 .ARM.attributes
                0x000008fa       0x2d c:/program files (x86)/gnu tools arm embedded/4.7 2013q3/bin/../lib/gcc/arm-none-eabi/4.7.4/../../../../arm-none-eabi/lib/armv7-m\libg.a(lib_a-stdio.o)
 .ARM.attributes
                0x00000927       0x2d c:/program files (x86)/gnu tools arm embedded/4.7 2013q3/bin/../lib/gcc/arm-none-eabi/4.7.4/../../../../arm-none-eabi/lib/armv7-m\libg.a(lib_a-vfiprintf.o)
 .ARM.attributes
                0x00000954       0x2d c:/program files (x86)/gnu tools arm embedded/4.7 2013q3/bin/../lib/gcc/arm-none-eabi/4.7.4/../../../../arm-none-eabi/lib/armv7-m\libg.a(lib_a-writer.o)
 .ARM.attributes
                0x00000981       0x2d c:/program files (x86)/gnu tools arm embedded/4.7 2013q3/bin/../lib/gcc/arm-none-eabi/4.7.4/../../../../arm-none-eabi/lib/armv7-m\libg.a(lib_a-callocr.o)
 .ARM.attributes
                0x000009ae       0x2d c:/program files (x86)/gnu tools arm embedded/4.7 2013q3/bin/../lib/gcc/arm-none-eabi/4.7.4/../../../../arm-none-eabi/lib/armv7-m\libg.a(lib_a-closer.o)
 .ARM.attributes
                0x000009db       0x2d c:/program files (x86)/gnu tools arm embedded/4.7 2013q3/bin/../lib/gcc/arm-none-eabi/4.7.4/../../../../arm-none-eabi/lib/armv7-m\libg.a(lib_a-fclose.o)
 .ARM.attributes
                0x00000a08       0x2d c:/program files (x86)/gnu tools arm embedded/4.7 2013q3/bin/../lib/gcc/arm-none-eabi/4.7.4/../../../../arm-none-eabi/lib/armv7-m\libg.a(lib_a-fputwc.o)
 .ARM.attributes
                0x00000a35       0x2d c:/program files (x86)/gnu tools arm embedded/4.7 2013q3/bin/../lib/gcc/arm-none-eabi/4.7.4/../../../../arm-none-eabi/lib/armv7-m\libg.a(lib_a-fstatr.o)
 .ARM.attributes
                0x00000a62       0x2d c:/program files (x86)/gnu tools arm embedded/4.7 2013q3/bin/../lib/gcc/arm-none-eabi/4.7.4/../../../../arm-none-eabi/lib/armv7-m\libg.a(lib_a-isattyr.o)
 .ARM.attributes
                0x00000a8f       0x2d c:/program files (x86)/gnu tools arm embedded/4.7 2013q3/bin/../lib/gcc/arm-none-eabi/4.7.4/../../../../arm-none-eabi/lib/armv7-m\libg.a(lib_a-lseekr.o)
 .ARM.attributes
                0x00000abc       0x2d c:/program files (x86)/gnu tools arm embedded/4.7 2013q3/bin/../lib/gcc/arm-none-eabi/4.7.4/../../../../arm-none-eabi/lib/armv7-m\libg.a(lib_a-readr.o)
 .ARM.attributes
                0x00000ae9       0x2d c:/program files (x86)/gnu tools arm embedded/4.7 2013q3/bin/../lib/gcc/arm-none-eabi/4.7.4/../../../../arm-none-eabi/lib/armv7-m\libg.a(lib_a-reent.o)
 .ARM.attributes
                0x00000b16       0x2d c:/program files (x86)/gnu tools arm embedded/4.7 2013q3/bin/../lib/gcc/arm-none-eabi/4.7.4/../../../../arm-none-eabi/lib/armv7-m\libg.a(lib_a-wbuf.o)
 .ARM.attributes
                0x00000b43       0x2d c:/program files (x86)/gnu tools arm embedded/4.7 2013q3/bin/../lib/gcc/arm-none-eabi/4.7.4/../../../../arm-none-eabi/lib/armv7-m\libg.a(lib_a-wcrtomb.o)
 .ARM.attributes
                0x00000b70       0x2d c:/program files (x86)/gnu tools arm embedded/4.7 2013q3/bin/../lib/gcc/arm-none-eabi/4.7.4/../../../../arm-none-eabi/lib/armv7-m\libg.a(lib_a-wctomb_r.o)
 .ARM.attributes
                0x00000b9d       0x1d c:/program files (x86)/gnu tools arm embedded/4.7 2013q3/bin/../lib/gcc/arm-none-eabi/4.7.4/armv7-m\libgcc.a(_arm_addsubdf3.o)
 .ARM.attributes
                0x00000bba       0x1d c:/program files (x86)/gnu tools arm embedded/4.7 2013q3/bin/../lib/gcc/arm-none-eabi/4.7.4/armv7-m\libgcc.a(_arm_muldivdf3.o)
 .ARM.attributes
                0x00000bd7       0x1d c:/program files (x86)/gnu tools arm embedded/4.7 2013q3/bin/../lib/gcc/arm-none-eabi/4.7.4/armv7-m\libgcc.a(_arm_cmpdf2.o)
 .ARM.attributes
                0x00000bf4       0x1d c:/program files (x86)/gnu tools arm embedded/4.7 2013q3/bin/../lib/gcc/arm-none-eabi/4.7.4/armv7-m\libgcc.a(_arm_fixdfsi.o)
 .ARM.attributes
                0x00000c11       0x1d c:/program files (x86)/gnu tools arm embedded/4.7 2013q3/bin/../lib/gcc/arm-none-eabi/4.7.4/armv7-m\libgcc.a(_aeabi_uldivmod.o)
 .ARM.attributes
                0x00000c2e       0x2d c:/program files (x86)/gnu tools arm embedded/4.7 2013q3/bin/../lib/gcc/arm-none-eabi/4.7.4/armv7-m\libgcc.a(bpabi.o)
 .ARM.attributes
                0x00000c5b       0x1d c:/program files (x86)/gnu tools arm embedded/4.7 2013q3/bin/../lib/gcc/arm-none-eabi/4.7.4/armv7-m\libgcc.a(_dvmd_tls.o)
 .ARM.attributes
                0x00000c78       0x2d c:/program files (x86)/gnu tools arm embedded/4.7 2013q3/bin/../lib/gcc/arm-none-eabi/4.7.4/armv7-m\libgcc.a(_divdi3.o)
 .ARM.attributes
                0x00000ca5       0x2d c:/program files (x86)/gnu tools arm embedded/4.7 2013q3/bin/../lib/gcc/arm-none-eabi/4.7.4/armv7-m\libgcc.a(_udivdi3.o)
 .ARM.attributes
                0x00000cd2       0x2d c:/program files (x86)/gnu tools arm embedded/4.7 2013q3/bin/../lib/gcc/arm-none-eabi/4.7.4/../../../../arm-none-eabi/lib/armv7-m\libnosys.a(close.o)
 .ARM.attributes
                0x00000cff       0x2d c:/program files (x86)/gnu tools arm embedded/4.7 2013q3/bin/../lib/gcc/arm-none-eabi/4.7.4/../../../../arm-none-eabi/lib/armv7-m\libnosys.a(fstat.o)
 .ARM.attributes
                0x00000d2c       0x2d c:/program files (x86)/gnu tools arm embedded/4.7 2013q3/bin/../lib/gcc/arm-none-eabi/4.7.4/../../../../arm-none-eabi/lib/armv7-m\libnosys.a(isatty.o)
 .ARM.attributes
                0x00000d59       0x2d c:/program files (x86)/gnu tools arm embedded/4.7 2013q3/bin/../lib/gcc/arm-none-eabi/4.7.4/../../../../arm-none-eabi/lib/armv7-m\libnosys.a(lseek.o)
 .ARM.attributes
                0x00000d86       0x2d c:/program files (x86)/gnu tools arm embedded/4.7 2013q3/bin/../lib/gcc/arm-none-eabi/4.7.4/../../../../arm-none-eabi/lib/armv7-m\libnosys.a(read.o)

.debug
 *(.debug)

.line
 *(.line)

.debug_srcinfo
 *(.debug_srcinfo)

.debug_sfnames
 *(.debug_sfnames)

.debug_aranges  0x00000000      0xc70
 *(.debug_aranges)
 .debug_aranges
                0x00000000       0x48 ./src/HA_System.o
 .debug_aranges
                0x00000048       0x60 ./src/MB1_Buttons.o
 .debug_aranges
                0x000000a8       0xd0 ./src/MB1_ISR.o
 .debug_aranges
                0x00000178       0x38 ./src/MB1_Leds.o
 .debug_aranges
                0x000001b0       0x48 ./src/MB1_Misc.o
 .debug_aranges
                0x000001f8       0x80 ./src/MB1_SPI.o
 .debug_aranges
                0x00000278       0x98 ./src/MB1_Serial_t.o
 .debug_aranges
                0x00000310       0x30 ./src/MB1_System.o
 .debug_aranges
                0x00000340       0x90 ./src/driverCC1101.o
 .debug_aranges
                0x000003d0       0x20 ./src/main.o
 .debug_aranges
                0x000003f0       0x50 ./src/variablePacketHandler.o
 .debug_aranges
                0x00000440       0x20 ./libs/misc/src/_sbrk.o
 .debug_aranges
                0x00000460       0x40 ./libs/StdPeriph/src/misc.o
 .debug_aranges
                0x000004a0       0x58 ./libs/StdPeriph/src/stm32f10x_exti.o
 .debug_aranges
                0x000004f8       0xa8 ./libs/StdPeriph/src/stm32f10x_gpio.o
 .debug_aranges
                0x000005a0      0x118 ./libs/StdPeriph/src/stm32f10x_rcc.o
 .debug_aranges
                0x000006b8       0xd0 ./libs/StdPeriph/src/stm32f10x_spi.o
 .debug_aranges
                0x00000788      0x2f0 ./libs/StdPeriph/src/stm32f10x_tim.o
 .debug_aranges
                0x00000a78      0x100 ./libs/StdPeriph/src/stm32f10x_usart.o
 .debug_aranges
                0x00000b78       0x38 ./libs/CMSIS/src/startup_cm.o
 .debug_aranges
                0x00000bb0       0x20 ./libs/CMSIS/src/startup_stm32f10x.o
 .debug_aranges
                0x00000bd0       0x38 ./libs/CMSIS/src/system_stm32f10x.o
 .debug_aranges
                0x00000c08       0x68 ./libs/CMSIS/src/vectors_stm32f10x.o

.debug_pubnames
 *(.debug_pubnames)

.debug_info     0x00000000     0xe48a
 *(.debug_info .gnu.linkonce.wi.*)
 .debug_info    0x00000000     0x1319 ./src/HA_System.o
 .debug_info    0x00001319      0x6a7 ./src/MB1_Buttons.o
 .debug_info    0x000019c0      0xeb2 ./src/MB1_ISR.o
 .debug_info    0x00002872      0x46a ./src/MB1_Leds.o
 .debug_info    0x00002cdc      0x870 ./src/MB1_Misc.o
 .debug_info    0x0000354c      0xe37 ./src/MB1_SPI.o
 .debug_info    0x00004383      0xb3b ./src/MB1_Serial_t.o
 .debug_info    0x00004ebe     0x1360 ./src/MB1_System.o
 .debug_info    0x0000621e      0xfa8 ./src/driverCC1101.o
 .debug_info    0x000071c6      0xaea ./src/main.o
 .debug_info    0x00007cb0     0x11b8 ./src/variablePacketHandler.o
 .debug_info    0x00008e68      0x11a ./libs/misc/src/_sbrk.o
 .debug_info    0x00008f82      0x54c ./libs/StdPeriph/src/misc.o